[INFO] [launch]: All log files can be found below /home/ubuntu/ros2_ws/day7/runtime/logs/ros/2026-09-12-23-42-16-887317-ubuntu-virtual-machine-69190
[INFO] [launch]: Default logging verbosity is set to INFO
[INFO] [move_group-1]: process started with pid [69195]
[move_group-1] [0m[INFO] [1789227737.147931199] [moveit_rdf_loader.rdf_loader]: Loaded robot model in 0.019785 seconds[0m
[move_group-1] [0m[INFO] [1789227737.148013191] [moveit_robot_model.robot_model]: Loading robot model 'robot'...[0m
[move_group-1] [33m[WARN] [1789227737.161894303] [moveit_robot_model.robot_model]: Link base_balck_link has visual geometry but no collision geometry. Collision geometry will be left empty. Fix your URDF file by explicitly specifying collision geometry.[0m
[move_group-1] [33m[WARN] [1789227737.161941307] [moveit_robot_model.robot_model]: Link base_screen_link has visual geometry but no collision geometry. Collision geometry will be left empty. Fix your URDF file by explicitly specifying collision geometry.[0m
[move_group-1] [33m[WARN] [1789227737.161945953] [moveit_robot_model.robot_model]: Link base_white_link has visual geometry but no collision geometry. Collision geometry will be left empty. Fix your URDF file by explicitly specifying collision geometry.[0m
[move_group-1] [33m[WARN] [1789227737.171620405] [moveit_robot_model.robot_model]: Link depth_cam_frame has visual geometry but no collision geometry. Collision geometry will be left empty. Fix your URDF file by explicitly specifying collision geometry.[0m
[move_group-1] [0m[INFO] [1789227737.261001538] [moveit_ros.planning_scene_monitor.planning_scene_monitor]: Publishing maintained planning scene on 'monitored_planning_scene'[0m
[move_group-1] [0m[INFO] [1789227737.261112756] [moveit.ros_planning_interface.moveit_cpp]: Listening to 'joint_states' for joint states[0m
[move_group-1] [0m[INFO] [1789227737.261913027] [moveit_ros.current_state_monitor]: Listening to joint states on topic 'joint_states'[0m
[move_group-1] [0m[INFO] [1789227737.262276319] [moveit_ros.planning_scene_monitor.planning_scene_monitor]: Listening to '/attached_collision_object' for attached collision objects[0m
[move_group-1] [0m[INFO] [1789227737.262297924] [moveit_ros.planning_scene_monitor.planning_scene_monitor]: Starting planning scene monitor[0m
[move_group-1] [0m[INFO] [1789227737.262543093] [moveit_ros.planning_scene_monitor.planning_scene_monitor]: Listening to '/planning_scene'[0m
[move_group-1] [0m[INFO] [1789227737.262560470] [moveit_ros.planning_scene_monitor.planning_scene_monitor]: Starting world geometry update monitor for collision objects, attached objects, octomap updates.[0m
[move_group-1] [0m[INFO] [1789227737.262822422] [moveit_ros.planning_scene_monitor.planning_scene_monitor]: Listening to 'collision_object'[0m
[move_group-1] [0m[INFO] [1789227737.263148287] [moveit_ros.planning_scene_monitor.planning_scene_monitor]: Listening to 'planning_scene_world' for planning scene world geometry[0m
[move_group-1] [33m[WARN] [1789227737.263228640] [moveit.ros.occupancy_map_monitor.middleware_handle]: Resolution not specified for Octomap. Assuming resolution = 0.1 instead[0m
[move_group-1] [31m[ERROR] [1789227737.263236055] [moveit.ros.occupancy_map_monitor.middleware_handle]: No 3D sensor plugin(s) defined for octomap updates[0m
[move_group-1] [0m[INFO] [1789227737.310266620] [moveit.ros_planning_interface.moveit_cpp]: Loading planning pipeline 'chomp'[0m
[move_group-1] [0m[INFO] [1789227737.312345954] [moveit.ros_planning.planning_pipeline]: Using planning interface 'CHOMP'[0m
[move_group-1] [0m[INFO] [1789227737.313554184] [moveit_ros.add_time_optimal_parameterization]: Param 'chomp.path_tolerance' was not set. Using default value: 0.100000[0m
[move_group-1] [0m[INFO] [1789227737.313574838] [moveit_ros.add_time_optimal_parameterization]: Param 'chomp.resample_dt' was not set. Using default value: 0.100000[0m
[move_group-1] [0m[INFO] [1789227737.313577549] [moveit_ros.add_time_optimal_parameterization]: Param 'chomp.min_angle_change' was not set. Using default value: 0.001000[0m
[move_group-1] [0m[INFO] [1789227737.313589565] [moveit_ros.fix_workspace_bounds]: Param 'chomp.default_workspace_bounds' was not set. Using default value: 10.000000[0m
[move_group-1] [0m[INFO] [1789227737.313597170] [moveit_ros.fix_start_state_bounds]: Param 'chomp.start_state_max_bounds_error' was set to 0.100000[0m
[move_group-1] [0m[INFO] [1789227737.313600463] [moveit_ros.fix_start_state_bounds]: Param 'chomp.start_state_max_dt' was not set. Using default value: 0.500000[0m
[move_group-1] [0m[INFO] [1789227737.313605896] [moveit_ros.fix_start_state_collision]: Param 'chomp.start_state_max_dt' was not set. Using default value: 0.500000[0m
[move_group-1] [0m[INFO] [1789227737.313608756] [moveit_ros.fix_start_state_collision]: Param 'chomp.jiggle_fraction' was set to 0.050000[0m
[move_group-1] [0m[INFO] [1789227737.313611270] [moveit_ros.fix_start_state_collision]: Param 'chomp.max_sampling_attempts' was not set. Using default value: 100[0m
[move_group-1] [0m[INFO] [1789227737.313616625] [moveit.ros_planning.planning_pipeline]: Using planning request adapter 'Add Time Optimal Parameterization'[0m
[move_group-1] [0m[INFO] [1789227737.313618586] [moveit.ros_planning.planning_pipeline]: Using planning request adapter 'Resolve constraint frames to robot links'[0m
[move_group-1] [0m[INFO] [1789227737.313619971] [moveit.ros_planning.planning_pipeline]: Using planning request adapter 'Fix Workspace Bounds'[0m
[move_group-1] [0m[INFO] [1789227737.313621444] [moveit.ros_planning.planning_pipeline]: Using planning request adapter 'Fix Start State Bounds'[0m
[move_group-1] [0m[INFO] [1789227737.313622814] [moveit.ros_planning.planning_pipeline]: Using planning request adapter 'Fix Start State In Collision'[0m
[move_group-1] [0m[INFO] [1789227737.313624111] [moveit.ros_planning.planning_pipeline]: Using planning request adapter 'Fix Start State Path Constraints'[0m
[move_group-1] [0m[INFO] [1789227737.315396114] [moveit.ros_planning_interface.moveit_cpp]: Loading planning pipeline 'pilz_industrial_motion_planner'[0m
[move_group-1] [0m[INFO] [1789227737.317424364] [moveit.pilz_industrial_motion_planner.joint_limits_aggregator]: Reading limits from namespace robot_description_planning[0m
[move_group-1] [0m[INFO] [1789227737.322596200] [moveit.pilz_industrial_motion_planner]: Available plugins: pilz_industrial_motion_planner/PlanningContextLoaderCIRC pilz_industrial_motion_planner/PlanningContextLoaderLIN pilz_industrial_motion_planner/PlanningContextLoaderPTP [0m
[move_group-1] [0m[INFO] [1789227737.322618522] [moveit.pilz_industrial_motion_planner]: About to load: pilz_industrial_motion_planner/PlanningContextLoaderCIRC[0m
[move_group-1] [0m[INFO] [1789227737.323767888] [moveit.pilz_industrial_motion_planner]: Registered Algorithm [CIRC][0m
[move_group-1] [0m[INFO] [1789227737.323789526] [moveit.pilz_industrial_motion_planner]: About to load: pilz_industrial_motion_planner/PlanningContextLoaderLIN[0m
[move_group-1] [0m[INFO] [1789227737.324773822] [moveit.pilz_industrial_motion_planner]: Registered Algorithm [LIN][0m
[move_group-1] [0m[INFO] [1789227737.324815542] [moveit.pilz_industrial_motion_planner]: About to load: pilz_industrial_motion_planner/PlanningContextLoaderPTP[0m
[move_group-1] [0m[INFO] [1789227737.325235884] [moveit.pilz_industrial_motion_planner]: Registered Algorithm [PTP][0m
[move_group-1] [0m[INFO] [1789227737.325268277] [moveit.ros_planning.planning_pipeline]: Using planning interface 'Pilz Industrial Motion Planner'[0m
[move_group-1] [0m[INFO] [1789227737.326023159] [moveit.ros_planning_interface.moveit_cpp]: Loading planning pipeline 'ompl'[0m
[move_group-1] [0m[INFO] [1789227737.334599690] [moveit.ros_planning.planning_pipeline]: Using planning interface 'OMPL'[0m
[move_group-1] [0m[INFO] [1789227737.335259372] [moveit_ros.add_time_optimal_parameterization]: Param 'ompl.path_tolerance' was not set. Using default value: 0.100000[0m
[move_group-1] [0m[INFO] [1789227737.335270931] [moveit_ros.add_time_optimal_parameterization]: Param 'ompl.resample_dt' was not set. Using default value: 0.100000[0m
[move_group-1] [0m[INFO] [1789227737.335287556] [moveit_ros.add_time_optimal_parameterization]: Param 'ompl.min_angle_change' was not set. Using default value: 0.001000[0m
[move_group-1] [0m[INFO] [1789227737.335300633] [moveit_ros.fix_workspace_bounds]: Param 'ompl.default_workspace_bounds' was not set. Using default value: 10.000000[0m
[move_group-1] [0m[INFO] [1789227737.335308620] [moveit_ros.fix_start_state_bounds]: Param 'ompl.start_state_max_bounds_error' was set to 0.100000[0m
[move_group-1] [0m[INFO] [1789227737.335311204] [moveit_ros.fix_start_state_bounds]: Param 'ompl.start_state_max_dt' was not set. Using default value: 0.500000[0m
[move_group-1] [0m[INFO] [1789227737.335317136] [moveit_ros.fix_start_state_collision]: Param 'ompl.start_state_max_dt' was not set. Using default value: 0.500000[0m
[move_group-1] [0m[INFO] [1789227737.335319525] [moveit_ros.fix_start_state_collision]: Param 'ompl.jiggle_fraction' was set to 0.050000[0m
[move_group-1] [0m[INFO] [1789227737.335321576] [moveit_ros.fix_start_state_collision]: Param 'ompl.max_sampling_attempts' was not set. Using default value: 100[0m
[move_group-1] [0m[INFO] [1789227737.335327536] [moveit.ros_planning.planning_pipeline]: Using planning request adapter 'Add Time Optimal Parameterization'[0m
[move_group-1] [0m[INFO] [1789227737.335329522] [moveit.ros_planning.planning_pipeline]: Using planning request adapter 'Resolve constraint frames to robot links'[0m
[move_group-1] [0m[INFO] [1789227737.335330877] [moveit.ros_planning.planning_pipeline]: Using planning request adapter 'Fix Workspace Bounds'[0m
[move_group-1] [0m[INFO] [1789227737.335332364] [moveit.ros_planning.planning_pipeline]: Using planning request adapter 'Fix Start State Bounds'[0m
[move_group-1] [0m[INFO] [1789227737.335333738] [moveit.ros_planning.planning_pipeline]: Using planning request adapter 'Fix Start State In Collision'[0m
[move_group-1] [0m[INFO] [1789227737.335335055] [moveit.ros_planning.planning_pipeline]: Using planning request adapter 'Fix Start State Path Constraints'[0m
[move_group-1] [0m[INFO] [1789227737.378619220] [moveit.plugins.moveit_simple_controller_manager]: Added FollowJointTrajectory controller for arm_controller[0m
[move_group-1] [0m[INFO] [1789227737.381764048] [moveit.plugins.moveit_simple_controller_manager]: Added FollowJointTrajectory controller for gripper_controller[0m
[move_group-1] [0m[INFO] [1789227737.381882944] [moveit.plugins.moveit_simple_controller_manager]: Returned 2 controllers in list[0m
[move_group-1] [0m[INFO] [1789227737.381975540] [moveit.plugins.moveit_simple_controller_manager]: Returned 2 controllers in list[0m
[move_group-1] [0m[INFO] [1789227737.382449638] [moveit_ros.trajectory_execution_manager]: Trajectory execution is managing controllers[0m
[move_group-1] [0m[INFO] [1789227737.382460612] [move_group.move_group]: MoveGroup debug mode is ON[0m
[move_group-1] [0m[INFO] [1789227737.398307754] [move_group.move_group]: 
[move_group-1] 
[move_group-1] ********************************************************
[move_group-1] * MoveGroup using: 
[move_group-1] *     - ApplyPlanningSceneService
[move_group-1] *     - ClearOctomapService
[move_group-1] *     - CartesianPathService
[move_group-1] *     - ExecuteTrajectoryAction
[move_group-1] *     - GetPlanningSceneService
[move_group-1] *     - KinematicsService
[move_group-1] *     - MoveAction
[move_group-1] *     - MotionPlanService
[move_group-1] *     - QueryPlannersService
[move_group-1] *     - StateValidationService
[move_group-1] ********************************************************
[move_group-1] [0m
[move_group-1] [0m[INFO] [1789227737.398353870] [moveit_move_group_capabilities_base.move_group_context]: MoveGroup context using planning plugin ompl_interface/OMPLPlanner[0m
[move_group-1] [0m[INFO] [1789227737.398359491] [moveit_move_group_capabilities_base.move_group_context]: MoveGroup context initialization complete[0m
[move_group-1] [96mLoading 'move_group/ApplyPlanningSceneService'...
[move_group-1] [0m[96mLoading 'move_group/ClearOctomapService'...
[move_group-1] [0m[96mLoading 'move_group/MoveGroupCartesianPathService'...
[move_group-1] [0m[96mLoading 'move_group/MoveGroupExecuteTrajectoryAction'...
[move_group-1] [0m[96mLoading 'move_group/MoveGroupGetPlanningSceneService'...
[move_group-1] [0m[96mLoading 'move_group/MoveGroupKinematicsService'...
[move_group-1] [0m[96mLoading 'move_group/MoveGroupMoveAction'...
[move_group-1] [0m[96mLoading 'move_group/MoveGroupPlanService'...
[move_group-1] [0m[96mLoading 'move_group/MoveGroupQueryPlannersService'...
[move_group-1] [0m[96mLoading 'move_group/MoveGroupStateValidationService'...
[move_group-1] [0m[92m
[move_group-1] You can start planning now!
[move_group-1] 
[WARNING] [launch]: user interrupted with ctrl-c (SIGINT)
[INFO] [move_group-1]: sending signal 'SIGINT' to process[move_group-1]
[move_group-1] [0m[INFO] [1789231575.458446286] [rclcpp]: signal_handler(SIGINT/SIGTERM)[0m
[ERROR] [move_group-1]: process has died [pid 69195, exit code -2, cmd '/opt/ros/humble/lib/moveit_ros_move_group/move_group --ros-args --params-file /home/ubuntu/ros2_ws/day7/runtime/tmp/launch_params_nbqeufsh --params-file /home/ubuntu/ros2_ws/day7/runtime/tmp/launch_params_z6o2kbsq'].
[move_group-1] [0m
