[INFO] [launch]: All log files can be found below /home/ubuntu/ros2_ws/day7/runtime/logs/ros/2026-09-12-23-42-16-874984-ubuntu-virtual-machine-69189
[INFO] [launch]: Default logging verbosity is set to INFO
ign_args is deprecated, migrate to gz_args!
[INFO] [ign gazebo-1]: process started with pid [69209]
[INFO] [robot_state_publisher-2]: process started with pid [69212]
[INFO] [parameter_bridge-3]: process started with pid [69214]
[INFO] [parameter_bridge-4]: process started with pid [69216]
[INFO] [create-5]: process started with pid [69218]
[create-5] [ros_ign_gazebo] is deprecated! Redirecting to use [ros_gz_sim] instead!
[create-5] 
[robot_state_publisher-2] [0m[INFO] [1789227737.284843251] [robot_state_publisher]: got segment base_balck_link[0m
[robot_state_publisher-2] [0m[INFO] [1789227737.284943992] [robot_state_publisher]: got segment base_link[0m
[robot_state_publisher-2] [0m[INFO] [1789227737.284953299] [robot_state_publisher]: got segment base_screen_link[0m
[robot_state_publisher-2] [0m[INFO] [1789227737.284956001] [robot_state_publisher]: got segment base_white_link[0m
[robot_state_publisher-2] [0m[INFO] [1789227737.284958411] [robot_state_publisher]: got segment depth_cam_frame[0m
[robot_state_publisher-2] [0m[INFO] [1789227737.284960444] [robot_state_publisher]: got segment depth_cam_link[0m
[robot_state_publisher-2] [0m[INFO] [1789227737.284962551] [robot_state_publisher]: got segment end_effector_link[0m
[robot_state_publisher-2] [0m[INFO] [1789227737.284964713] [robot_state_publisher]: got segment gripper_servo_link[0m
[robot_state_publisher-2] [0m[INFO] [1789227737.284966947] [robot_state_publisher]: got segment l_in_link[0m
[robot_state_publisher-2] [0m[INFO] [1789227737.284968934] [robot_state_publisher]: got segment l_link[0m
[robot_state_publisher-2] [0m[INFO] [1789227737.284970935] [robot_state_publisher]: got segment l_out_link[0m
[robot_state_publisher-2] [0m[INFO] [1789227737.284972944] [robot_state_publisher]: got segment link1[0m
[robot_state_publisher-2] [0m[INFO] [1789227737.284974932] [robot_state_publisher]: got segment link2[0m
[robot_state_publisher-2] [0m[INFO] [1789227737.284976866] [robot_state_publisher]: got segment link3[0m
[robot_state_publisher-2] [0m[INFO] [1789227737.284978767] [robot_state_publisher]: got segment link4[0m
[robot_state_publisher-2] [0m[INFO] [1789227737.284980657] [robot_state_publisher]: got segment link5[0m
[robot_state_publisher-2] [0m[INFO] [1789227737.284982573] [robot_state_publisher]: got segment r_in_link[0m
[robot_state_publisher-2] [0m[INFO] [1789227737.284984597] [robot_state_publisher]: got segment r_link[0m
[robot_state_publisher-2] [0m[INFO] [1789227737.284986520] [robot_state_publisher]: got segment r_out_link[0m
[robot_state_publisher-2] [0m[INFO] [1789227737.284988516] [robot_state_publisher]: got segment servo_link2[0m
[robot_state_publisher-2] [0m[INFO] [1789227737.284990485] [robot_state_publisher]: got segment world[0m
[create-5] [0m[INFO] [1789227737.295439601] [day3_v5_spawn_robot]: Requesting list of world names.[0m
[parameter_bridge-4] [0m[INFO] [1789227737.310132032] [day3_v5_gazebo_joint_bridge]: Creating GZ->ROS Bridge: [/joint_states (ignition.msgs.Model) -> /joint_states (sensor_msgs/msg/JointState)] (Lazy 0)[0m
[parameter_bridge-3] [0m[INFO] [1789227737.323695746] [day3_v5_bridge]: Creating GZ->ROS Bridge: [/clock (ignition.msgs.Clock) -> /clock (rosgraph_msgs/msg/Clock)] (Lazy 0)[0m
[parameter_bridge-3] [0m[INFO] [1789227737.324497132] [day3_v5_bridge]: Creating GZ->ROS Bridge: [/depth_cam/rgbd/image (ignition.msgs.Image) -> /depth_cam/rgbd/image (sensor_msgs/msg/Image)] (Lazy 0)[0m
[parameter_bridge-3] [0m[INFO] [1789227737.326613604] [day3_v5_bridge]: Creating GZ->ROS Bridge: [/depth_cam/rgbd/depth_image (ignition.msgs.Image) -> /depth_cam/rgbd/depth_image (sensor_msgs/msg/Image)] (Lazy 0)[0m
[parameter_bridge-3] [0m[INFO] [1789227737.326824925] [day3_v5_bridge]: Creating GZ->ROS Bridge: [/depth_cam/rgbd/camera_info (ignition.msgs.CameraInfo) -> /depth_cam/rgbd/camera_info (sensor_msgs/msg/CameraInfo)] (Lazy 0)[0m
[parameter_bridge-3] [0m[INFO] [1789227737.327120548] [day3_v5_bridge]: Creating GZ->ROS Bridge: [/world/robot_world/model/robot/link/l_out_link/sensor/day3_v5_left_contact/contact (ignition.msgs.Contacts) -> /world/robot_world/model/robot/link/l_out_link/sensor/day3_v5_left_contact/contact (ros_gz_interfaces/msg/Contacts)] (Lazy 0)[0m
[parameter_bridge-3] [0m[INFO] [1789227737.328065759] [day3_v5_bridge]: Creating GZ->ROS Bridge: [/world/robot_world/model/robot/link/r_out_link/sensor/day3_v5_right_contact/contact (ignition.msgs.Contacts) -> /world/robot_world/model/robot/link/r_out_link/sensor/day3_v5_right_contact/contact (ros_gz_interfaces/msg/Contacts)] (Lazy 0)[0m
[parameter_bridge-3] [0m[INFO] [1789227737.328808882] [day3_v5_bridge]: Creating GZ->ROS Bridge: [/world/robot_world/model/wood_block/link/block_link/sensor/day3_v5_block_contact/contact (ignition.msgs.Contacts) -> /world/robot_world/model/wood_block/link/block_link/sensor/day3_v5_block_contact/contact (ros_gz_interfaces/msg/Contacts)] (Lazy 0)[0m
[parameter_bridge-3] [0m[INFO] [1789227737.329154356] [day3_v5_bridge]: Creating GZ->ROS Bridge: [/day3_v5/block/odometry (ignition.msgs.Odometry) -> /day3_v5/block/odometry (nav_msgs/msg/Odometry)] (Lazy 0)[0m
[create-5] [0m[INFO] [1789227737.671983346] [day3_v5_spawn_robot]: Requested creation of entity.[0m
[create-5] [0m[INFO] [1789227737.672020451] [day3_v5_spawn_robot]: OK creation of entity.[0m
[INFO] [create-5]: process has finished cleanly [pid 69218]
[INFO] [spawner-6]: process started with pid [69309]
[spawner-6] [0m[INFO] [1789227738.616825535] [spawner_joint_state_broadcaster]: waiting for service /controller_manager/list_controllers to become available...[0m
[ign gazebo-1] [0m[INFO] [1789227739.491311002] [GazeboSimROS2ControlPlugin]: robot_param_node is robot_state_publisher[0m
[ign gazebo-1] [0m[INFO] [1789227739.491334210] [GazeboSimROS2ControlPlugin]: robot_param_node is robot_description[0m
[ign gazebo-1] [0m[INFO] [1789227739.521430643] [gz_ros2_control]: connected to service!! robot_state_publisher asking for robot_description[0m
[ign gazebo-1] [0m[INFO] [1789227739.522650553] [gz_ros2_control]: Received URDF from param server[0m
[ign gazebo-1] [0m[INFO] [1789227739.524115754] [gz_ros2_control]: [gz_ros2_control] Fixed joint ['base_joint'] (Entity='59') is skipped.[0m
[ign gazebo-1] [0m[INFO] [1789227739.526788078] [gz_ros2_control]: The position_proportional_gain has been set to: 0.1[0m
[ign gazebo-1] [0m[INFO] [1789227739.527058964] [gz_ros2_control]: Loading joint: joint1[0m
[ign gazebo-1] [0m[INFO] [1789227739.527077586] [gz_ros2_control]: 	State:[0m
[ign gazebo-1] [0m[INFO] [1789227739.527081742] [gz_ros2_control]: 		 position[0m
[ign gazebo-1] [0m[INFO] [1789227739.527086703] [gz_ros2_control]: 			 found initial value: 0.000000[0m
[ign gazebo-1] [0m[INFO] [1789227739.527090984] [gz_ros2_control]: 		 velocity[0m
[ign gazebo-1] [0m[INFO] [1789227739.527093665] [gz_ros2_control]: 		 effort[0m
[ign gazebo-1] [0m[INFO] [1789227739.527096076] [gz_ros2_control]: 	Command:[0m
[ign gazebo-1] [0m[INFO] [1789227739.527098425] [gz_ros2_control]: 		 position[0m
[ign gazebo-1] [0m[INFO] [1789227739.527112095] [gz_ros2_control]: Loading joint: joint2[0m
[ign gazebo-1] [0m[INFO] [1789227739.527115042] [gz_ros2_control]: 	State:[0m
[ign gazebo-1] [0m[INFO] [1789227739.527117265] [gz_ros2_control]: 		 position[0m
[ign gazebo-1] [0m[INFO] [1789227739.527119435] [gz_ros2_control]: 			 found initial value: 0.000000[0m
[ign gazebo-1] [0m[INFO] [1789227739.527122011] [gz_ros2_control]: 		 velocity[0m
[ign gazebo-1] [0m[INFO] [1789227739.527124328] [gz_ros2_control]: 		 effort[0m
[ign gazebo-1] [0m[INFO] [1789227739.527126456] [gz_ros2_control]: 	Command:[0m
[ign gazebo-1] [0m[INFO] [1789227739.527128490] [gz_ros2_control]: 		 position[0m
[ign gazebo-1] [0m[INFO] [1789227739.527134135] [gz_ros2_control]: Loading joint: joint3[0m
[ign gazebo-1] [0m[INFO] [1789227739.527136502] [gz_ros2_control]: 	State:[0m
[ign gazebo-1] [0m[INFO] [1789227739.527138638] [gz_ros2_control]: 		 position[0m
[ign gazebo-1] [0m[INFO] [1789227739.527140682] [gz_ros2_control]: 			 found initial value: 0.000000[0m
[ign gazebo-1] [0m[INFO] [1789227739.527143134] [gz_ros2_control]: 		 velocity[0m
[ign gazebo-1] [0m[INFO] [1789227739.527145266] [gz_ros2_control]: 		 effort[0m
[ign gazebo-1] [0m[INFO] [1789227739.527147849] [gz_ros2_control]: 	Command:[0m
[ign gazebo-1] [0m[INFO] [1789227739.527150034] [gz_ros2_control]: 		 position[0m
[ign gazebo-1] [0m[INFO] [1789227739.527182205] [gz_ros2_control]: Loading joint: joint4[0m
[ign gazebo-1] [0m[INFO] [1789227739.527189353] [gz_ros2_control]: 	State:[0m
[ign gazebo-1] [0m[INFO] [1789227739.527191633] [gz_ros2_control]: 		 position[0m
[ign gazebo-1] [0m[INFO] [1789227739.527193930] [gz_ros2_control]: 			 found initial value: 0.000000[0m
[ign gazebo-1] [0m[INFO] [1789227739.527196509] [gz_ros2_control]: 		 velocity[0m
[ign gazebo-1] [0m[INFO] [1789227739.527198573] [gz_ros2_control]: 		 effort[0m
[ign gazebo-1] [0m[INFO] [1789227739.527200626] [gz_ros2_control]: 	Command:[0m
[ign gazebo-1] [0m[INFO] [1789227739.527202694] [gz_ros2_control]: 		 position[0m
[ign gazebo-1] [0m[INFO] [1789227739.527207500] [gz_ros2_control]: Loading joint: joint5[0m
[ign gazebo-1] [0m[INFO] [1789227739.527210000] [gz_ros2_control]: 	State:[0m
[ign gazebo-1] [0m[INFO] [1789227739.527212126] [gz_ros2_control]: 		 position[0m
[ign gazebo-1] [0m[INFO] [1789227739.527214135] [gz_ros2_control]: 			 found initial value: 0.000000[0m
[ign gazebo-1] [0m[INFO] [1789227739.527216474] [gz_ros2_control]: 		 velocity[0m
[ign gazebo-1] [0m[INFO] [1789227739.527218638] [gz_ros2_control]: 		 effort[0m
[ign gazebo-1] [0m[INFO] [1789227739.527220683] [gz_ros2_control]: 	Command:[0m
[ign gazebo-1] [0m[INFO] [1789227739.527222704] [gz_ros2_control]: 		 position[0m
[ign gazebo-1] [0m[INFO] [1789227739.527227257] [gz_ros2_control]: Loading joint: r_joint[0m
[ign gazebo-1] [0m[INFO] [1789227739.527229807] [gz_ros2_control]: 	State:[0m
[ign gazebo-1] [0m[INFO] [1789227739.527231877] [gz_ros2_control]: 		 position[0m
[ign gazebo-1] [0m[INFO] [1789227739.527234397] [gz_ros2_control]: 			 found initial value: 1.300000[0m
[ign gazebo-1] [0m[INFO] [1789227739.527236804] [gz_ros2_control]: 		 velocity[0m
[ign gazebo-1] [0m[INFO] [1789227739.527239460] [gz_ros2_control]: 		 effort[0m
[ign gazebo-1] [0m[INFO] [1789227739.527241618] [gz_ros2_control]: 			 found initial value: 0.000000[0m
[ign gazebo-1] [0m[INFO] [1789227739.527244122] [gz_ros2_control]: 	Command:[0m
[ign gazebo-1] [0m[INFO] [1789227739.527246454] [gz_ros2_control]: 		 effort[0m
[ign gazebo-1] [0m[INFO] [1789227739.527251380] [gz_ros2_control]: Loading joint: l_joint[0m
[ign gazebo-1] [0m[INFO] [1789227739.527256543] [gz_ros2_control]: Joint 'l_joint'is mimicking joint 'r_joint' with multiplier: -1[0m
[ign gazebo-1] [0m[INFO] [1789227739.527259731] [gz_ros2_control]: 	State:[0m
[ign gazebo-1] [0m[INFO] [1789227739.527261909] [gz_ros2_control]: 		 position[0m
[ign gazebo-1] [0m[INFO] [1789227739.527263992] [gz_ros2_control]: 			 found initial value: 0.000000[0m
[ign gazebo-1] [0m[INFO] [1789227739.527266632] [gz_ros2_control]: 		 velocity[0m
[ign gazebo-1] [0m[INFO] [1789227739.527270467] [gz_ros2_control]: 		 effort[0m
[ign gazebo-1] [0m[INFO] [1789227739.527272647] [gz_ros2_control]: 	Command:[0m
[ign gazebo-1] [0m[INFO] [1789227739.527292133] [gz_ros2_control]: Loading joint: l_in_joint[0m
[ign gazebo-1] [0m[INFO] [1789227739.527296078] [gz_ros2_control]: Joint 'l_in_joint'is mimicking joint 'r_joint' with multiplier: -1[0m
[ign gazebo-1] [0m[INFO] [1789227739.527298639] [gz_ros2_control]: 	State:[0m
[ign gazebo-1] [0m[INFO] [1789227739.527300849] [gz_ros2_control]: 		 position[0m
[ign gazebo-1] [0m[INFO] [1789227739.527302991] [gz_ros2_control]: 			 found initial value: 0.000000[0m
[ign gazebo-1] [0m[INFO] [1789227739.527305501] [gz_ros2_control]: 		 velocity[0m
[ign gazebo-1] [0m[INFO] [1789227739.527307685] [gz_ros2_control]: 		 effort[0m
[ign gazebo-1] [0m[INFO] [1789227739.527490269] [gz_ros2_control]: 	Command:[0m
[ign gazebo-1] [0m[INFO] [1789227739.527495431] [gz_ros2_control]: Loading joint: l_out_joint[0m
[ign gazebo-1] [0m[INFO] [1789227739.527499066] [gz_ros2_control]: Joint 'l_out_joint'is mimicking joint 'r_joint' with multiplier: 1[0m
[ign gazebo-1] [0m[INFO] [1789227739.527501409] [gz_ros2_control]: 	State:[0m
[ign gazebo-1] [0m[INFO] [1789227739.527503635] [gz_ros2_control]: 		 position[0m
[ign gazebo-1] [0m[INFO] [1789227739.527505680] [gz_ros2_control]: 			 found initial value: 0.000000[0m
[ign gazebo-1] [0m[INFO] [1789227739.527508207] [gz_ros2_control]: 		 velocity[0m
[ign gazebo-1] [0m[INFO] [1789227739.527510337] [gz_ros2_control]: 		 effort[0m
[ign gazebo-1] [0m[INFO] [1789227739.527512437] [gz_ros2_control]: 	Command:[0m
[ign gazebo-1] [0m[INFO] [1789227739.527516037] [gz_ros2_control]: Loading joint: r_in_joint[0m
[ign gazebo-1] [0m[INFO] [1789227739.527518951] [gz_ros2_control]: Joint 'r_in_joint'is mimicking joint 'l_joint' with multiplier: 1[0m
[ign gazebo-1] [0m[INFO] [1789227739.527521234] [gz_ros2_control]: 	State:[0m
[ign gazebo-1] [0m[INFO] [1789227739.527523326] [gz_ros2_control]: 		 position[0m
[ign gazebo-1] [0m[INFO] [1789227739.527525301] [gz_ros2_control]: 			 found initial value: 0.000000[0m
[ign gazebo-1] [0m[INFO] [1789227739.527527675] [gz_ros2_control]: 		 velocity[0m
[ign gazebo-1] [0m[INFO] [1789227739.527529780] [gz_ros2_control]: 		 effort[0m
[ign gazebo-1] [0m[INFO] [1789227739.527531905] [gz_ros2_control]: 	Command:[0m
[ign gazebo-1] [0m[INFO] [1789227739.527535753] [gz_ros2_control]: Loading joint: r_out_joint[0m
[ign gazebo-1] [0m[INFO] [1789227739.527538619] [gz_ros2_control]: Joint 'r_out_joint'is mimicking joint 'l_joint' with multiplier: -1[0m
[ign gazebo-1] [0m[INFO] [1789227739.527540908] [gz_ros2_control]: 	State:[0m
[ign gazebo-1] [0m[INFO] [1789227739.527544089] [gz_ros2_control]: 		 position[0m
[ign gazebo-1] [0m[INFO] [1789227739.527545970] [gz_ros2_control]: 			 found initial value: 0.000000[0m
[ign gazebo-1] [0m[INFO] [1789227739.527548248] [gz_ros2_control]: 		 velocity[0m
[ign gazebo-1] [0m[INFO] [1789227739.527550255] [gz_ros2_control]: 		 effort[0m
[ign gazebo-1] [0m[INFO] [1789227739.527553175] [gz_ros2_control]: 	Command:[0m
[ign gazebo-1] [0m[INFO] [1789227739.527625052] [resource_manager]: Initialize hardware 'IgnitionSystem' [0m
[ign gazebo-1] [33m[WARN] [1789227739.527644908] [gz_ros2_control]: The ign_ros2_control plugin got renamed to gz_ros2_control.
[ign gazebo-1] Update the <ros2_control> tag and gazebo plugin to
[ign gazebo-1] <hardware>
[ign gazebo-1]   <plugin>gz_ros2_control/GazeboSimSystem</plugin>
[ign gazebo-1] </hardware>
[ign gazebo-1] <gazebo>
[ign gazebo-1]   <plugin filename="gz_ros2_control-system"name="gz_ros2_control::GazeboSimROS2ControlPlugin">
[ign gazebo-1]     ...
[ign gazebo-1]   </plugin>
[ign gazebo-1] </gazebo>[0m
[ign gazebo-1] [0m[INFO] [1789227739.527686463] [resource_manager]: Successful initialization of hardware 'IgnitionSystem'[0m
[ign gazebo-1] [0m[INFO] [1789227739.527714869] [resource_manager]: 'configure' hardware 'IgnitionSystem' [0m
[ign gazebo-1] [0m[INFO] [1789227739.527717082] [gz_ros2_control]: System Successfully configured![0m
[ign gazebo-1] [0m[INFO] [1789227739.527724821] [resource_manager]: Successful 'configure' of hardware 'IgnitionSystem'[0m
[ign gazebo-1] [0m[INFO] [1789227739.527730307] [resource_manager]: 'activate' hardware 'IgnitionSystem' [0m
[ign gazebo-1] [0m[INFO] [1789227739.527734839] [resource_manager]: Successful 'activate' of hardware 'IgnitionSystem'[0m
[ign gazebo-1] [0m[INFO] [1789227739.527738153] [gz_ros2_control]: Loading controller_manager[0m
[ign gazebo-1] [33m[WARN] [1789227739.559544212] [gz_ros2_control]:  Desired controller update period (0.01 s) is slower than the gazebo simulation period (0.002 s).[0m
[ign gazebo-1] libEGL warning: Not allowed to force software rendering when API explicitly selects a hardware device.
[ign gazebo-1] VMware: No 3D enabled (0, Success).
[ign gazebo-1] libEGL warning: egl: failed to create dri2 screen
[ign gazebo-1] [0m[INFO] [1789227739.705269494] [controller_manager]: Loading controller 'joint_state_broadcaster'[0m
[spawner-6] [0m[INFO] [1789227739.720300515] [spawner_joint_state_broadcaster]: [94mLoaded [1mjoint_state_broadcaster[0m[0m
[ign gazebo-1] [0m[INFO] [1789227739.722026802] [controller_manager]: Configuring controller 'joint_state_broadcaster'[0m
[ign gazebo-1] [0m[INFO] [1789227739.722121214] [joint_state_broadcaster]: Publishing state interfaces defined in 'joints' and 'interfaces' parameters.[0m
[ign gazebo-1] [33m[WARN] [1789227739.722147936] [joint_state_broadcaster]: Mapping from 'position' to interface 'position' will not be done, because 'position' is defined in 'interface' parameter.[0m
[ign gazebo-1] [33m[WARN] [1789227739.722154894] [joint_state_broadcaster]: Mapping from 'velocity' to interface 'velocity' will not be done, because 'velocity' is defined in 'interface' parameter.[0m
[ign gazebo-1] [33m[WARN] [1789227739.722171198] [joint_state_broadcaster]: Mapping from 'effort' to interface 'effort' will not be done, because 'effort' is defined in 'interface' parameter.[0m
[spawner-6] [0m[INFO] [1789227739.994492804] [spawner_joint_state_broadcaster]: [92mConfigured and activated [1mjoint_state_broadcaster[0m[0m
[INFO] [spawner-6]: process has finished cleanly [pid 69309]
[INFO] [spawner-7]: process started with pid [69376]
[spawner-7] [0m[INFO] [1789227740.684188846] [spawner_arm_controller]: waiting for service /controller_manager/list_controllers to become available...[0m
[ign gazebo-1] [0m[INFO] [1789227743.192481342] [controller_manager]: Loading controller 'arm_controller'[0m
[ign gazebo-1] [33m[WARN] [1789227743.220946827] [arm_controller]: [Deprecated]: "allow_nonzero_velocity_at_trajectory_end" is set to true. The default behavior will change to false.[0m
[spawner-7] [0m[INFO] [1789227743.234462001] [spawner_arm_controller]: [94mLoaded [1marm_controller[0m[0m
[ign gazebo-1] [0m[INFO] [1789227743.322799459] [controller_manager]: Configuring controller 'arm_controller'[0m
[ign gazebo-1] [0m[INFO] [1789227743.322923403] [arm_controller]: No specific joint names are used for command interfaces. Using 'joints' parameter.[0m
[ign gazebo-1] [0m[INFO] [1789227743.322936968] [arm_controller]: Command interfaces are [position] and state interfaces are [position velocity].[0m
[ign gazebo-1] [0m[INFO] [1789227743.323000811] [arm_controller]: Using 'splines' interpolation method.[0m
[ign gazebo-1] [0m[INFO] [1789227743.324407088] [arm_controller]: Controller state will be published at 50.00 Hz.[0m
[ign gazebo-1] [0m[INFO] [1789227743.326678536] [arm_controller]: Action status changes will be monitored at 20.00 Hz.[0m
[spawner-7] [0m[INFO] [1789227743.435965882] [spawner_arm_controller]: [92mConfigured and activated [1marm_controller[0m[0m
[INFO] [spawner-7]: process has finished cleanly [pid 69376]
[INFO] [spawner-8]: process started with pid [69401]
[spawner-8] [0m[INFO] [1789227744.192068899] [spawner_gripper_controller]: waiting for service /controller_manager/list_controllers to become available...[0m
[ign gazebo-1] [0m[INFO] [1789227744.659706230] [controller_manager]: Loading controller 'gripper_controller'[0m
[spawner-8] [0m[INFO] [1789227744.693211091] [spawner_gripper_controller]: [94mLoaded [1mgripper_controller[0m[0m
[ign gazebo-1] [0m[INFO] [1789227744.695475017] [controller_manager]: Configuring controller 'gripper_controller'[0m
[ign gazebo-1] [0m[INFO] [1789227744.696729439] [gripper_controller]: configure successful[0m
[ign gazebo-1] [0m[INFO] [1789227744.712415292] [gripper_controller]: activate successful[0m
[spawner-8] [0m[INFO] [1789227744.727671718] [spawner_gripper_controller]: [92mConfigured and activated [1mgripper_controller[0m[0m
[INFO] [spawner-8]: process has finished cleanly [pid 69401]
[ign gazebo-1] NodeShared::RecvSrvRequest() error sending response: Host unreachable
[ign gazebo-1] NodeShared::RecvSrvRequest() error sending response: Host unreachable
[ign gazebo-1] [1;31m[Err] [UserCommands.cc:1329] [0m[1;31mEntity named [[0m[1;31mwood_block[0m[1;31m] of type [[0m[1;31m2[0m[1;31m] not found, so not removed.[0m[1;31m[0m
[ign gazebo-1] NodeShared::RecvSrvRequest() error sending response: Host unreachable
[ign gazebo-1] NodeShared::RecvSrvRequest() error sending response: Host unreachable
[ign gazebo-1] NodeShared::RecvSrvRequest() error sending response: Host unreachable
[ign gazebo-1] NodeShared::RecvSrvRequest() error sending response: Host unreachable
[ign gazebo-1] NodeShared::RecvSrvRequest() error sending response: Host unreachable
[ign gazebo-1] [1;31m[Err] [UserCommands.cc:1329] [0m[1;31mEntity named [[0m[1;31mwood_block[0m[1;31m] of type [[0m[1;31m2[0m[1;31m] not found, so not removed.[0m[1;31m[0m
[ign gazebo-1] NodeShared::RecvSrvRequest() error sending response: Host unreachable
[ign gazebo-1] NodeShared::RecvSrvRequest() error sending response: Host unreachable
[ign gazebo-1] NodeShared::RecvSrvRequest() error sending response: Host unreachable
[ign gazebo-1] NodeShared::RecvSrvRequest() error sending response: Host unreachable
[ign gazebo-1] [1;31m[Err] [UserCommands.cc:1329] [0m[1;31mEntity named [[0m[1;31mwood_block[0m[1;31m] of type [[0m[1;31m2[0m[1;31m] not found, so not removed.[0m[1;31m[0m
[ign gazebo-1] NodeShared::RecvSrvRequest() error sending response: Host unreachable
[ign gazebo-1] [1;31m[Err] [UserCommands.cc:1329] [0m[1;31mEntity named [[0m[1;31mwood_block[0m[1;31m] of type [[0m[1;31m2[0m[1;31m] not found, so not removed.[0m[1;31m[0m
[ign gazebo-1] NodeShared::RecvSrvRequest() error sending response: Host unreachable
[ign gazebo-1] NodeShared::RecvSrvRequest() error sending response: Host unreachable
[ign gazebo-1] NodeShared::RecvSrvRequest() error sending response: Host unreachable
[WARNING] [launch]: user interrupted with ctrl-c (SIGINT)
[INFO] [parameter_bridge-4]: sending signal 'SIGINT' to process[parameter_bridge-4]
[INFO] [parameter_bridge-3]: sending signal 'SIGINT' to process[parameter_bridge-3]
[INFO] [robot_state_publisher-2]: sending signal 'SIGINT' to process[robot_state_publisher-2]
[INFO] [ign gazebo-1]: sending signal 'SIGINT' to process[ign gazebo-1]
[parameter_bridge-3] [0m[INFO] [1789231575.533239559] [rclcpp]: signal_handler(SIGINT/SIGTERM)[0m
[robot_state_publisher-2] [0m[INFO] [1789231575.533397794] [rclcpp]: signal_handler(SIGINT/SIGTERM)[0m
[parameter_bridge-4] [0m[INFO] [1789231575.537393616] [rclcpp]: signal_handler(SIGINT/SIGTERM)[0m
[robot_state_publisher-2] [0m[INFO] [1789231575.539237766] [rclcpp]: signal_handler(SIGINT/SIGTERM)[0m
[parameter_bridge-3] [0m[INFO] [1789231575.539667389] [rclcpp]: signal_handler(SIGINT/SIGTERM)[0m
[ign gazebo-1] [0m[INFO] [1789231575.539699206] [rclcpp]: signal_handler(SIGINT/SIGTERM)[0m
[ign gazebo-1] [0m[INFO] [1789231575.539774170] [controller_manager]: Shutdown request received....[0m
[ign gazebo-1] [0m[INFO] [1789231575.541111019] [controller_manager]: Shutting down all controllers in the controller manager.[0m
[ign gazebo-1] [0m[INFO] [1789231575.541201411] [controller_manager]: Deactivating controller 'joint_state_broadcaster'[0m
[ign gazebo-1] [0m[INFO] [1789231575.541233194] [controller_manager]: Shutting down controller 'joint_state_broadcaster'[0m
[ign gazebo-1] [0m[INFO] [1789231575.541252331] [controller_manager]: Deactivating controller 'arm_controller'[0m
[ign gazebo-1] [0m[INFO] [1789231575.541272000] [controller_manager]: Shutting down controller 'arm_controller'[0m
[ign gazebo-1] [0m[INFO] [1789231575.541279522] [controller_manager]: Deactivating controller 'gripper_controller'[0m
[ign gazebo-1] [0m[INFO] [1789231575.541287374] [controller_manager]: Shutting down controller 'gripper_controller'[0m
[ign gazebo-1] [0m[INFO] [1789231575.541451905] [resource_manager]: 'deactivate' hardware 'IgnitionSystem' [0m
[ign gazebo-1] [0m[INFO] [1789231575.541736833] [resource_manager]: Successful 'deactivate' of hardware 'IgnitionSystem'[0m
[ign gazebo-1] [0m[INFO] [1789231575.541747398] [resource_manager]: 'shutdown' hardware 'IgnitionSystem' [0m
[ign gazebo-1] [0m[INFO] [1789231575.541750537] [resource_manager]: Successful 'shutdown' of hardware 'IgnitionSystem'[0m
[ign gazebo-1] [0m[INFO] [1789231575.541753218] [controller_manager]: Shutting down the controller manager.[0m
[parameter_bridge-4] [0m[INFO] [1789231575.543616673] [rclcpp]: signal_handler(SIGINT/SIGTERM)[0m
[INFO] [parameter_bridge-3]: process has finished cleanly [pid 69214]
[INFO] [robot_state_publisher-2]: process has finished cleanly [pid 69212]
[INFO] [parameter_bridge-4]: process has finished cleanly [pid 69216]
[ERROR] [ign gazebo-1]: process has died [pid 69209, exit code -2, cmd 'ruby /home/ubuntu/ros2_ws/day7/runtime/bin/ign gazebo -r -s /home/ubuntu/ros2_ws/day7/simulations/robot_gazebo/worlds/grasp_table.sdf --force-version 6'].
