/usr/lib/python3/dist-packages/scipy/__init__.py:146: UserWarning: A NumPy version >=1.17.3 and <1.25.0 is required for this version of SciPy (detected version 1.26.4
  warnings.warn(f"A NumPy version >={np_minversion} and <{np_maxversion}"
TRIAL=000 PHASE=CHECK_INTERFACES
DAY4_RESET_GRIPPER=OPEN ANGLE_RAD=1.570000 EFFORT_NM=1.200000
DAY4_RESET_GRIPPER=AFTER_INITIAL_MOVE ANGLE_RAD=1.570000 EFFORT_NM=1.200000
DAY7_EPISODE=1 LEVEL=L2 VALID=0/50 TECHNICAL=True SUCCESS=False REASON=TechnicalFailure: Ignition remove:  Service call timed out

DAY4_RESET_GRIPPER=OPEN ANGLE_RAD=1.570000 EFFORT_NM=1.200000
DAY4_RESET_GRIPPER=AFTER_INITIAL_MOVE ANGLE_RAD=1.570000 EFFORT_NM=1.200000
TRIAL=002 VISUAL_CENTER=[0.2892223596572876, -0.021691096015274525, 0.019135535922792178] SURFACE=[0.2892223596572876, -0.021691096015274525, 0.04413553592279218] CONTOUR_DEG=-0.42 AXIS_STD_DEG=0.05 FOOTPRINT=[0.049704479053616524, 0.049704479053616524] CONFIDENCE=0.9538
TRIAL=002 SELECTED_CONTOUR_ORIENTATION=+89.58deg TILT=11.7 LEAN=+1 SYMMETRY=1 IK_FK_POS_ERROR=0.000005m IK_FK_ORIENTATION_ERROR=0.000000rad FINGER_FK_LIFT=0.080000m FINGER_FK_DRIFT=0.000000m JOINT_MOTION=3.027814rad
DAY4_MOTION_DONE=1 ELAPSED_SIM=1.202 INITIAL_ERR=0.01759 FINAL_ERR=0.00036 ARM_V=0.00402
DAY4_STEP=1 EPISODE=002 STEP=01 DIST=0.020204 YAW_ERR_DEG=0.009 REQUESTED_MOVE=0.005000 EXECUTED_MOVE=0.004893 ATTEMPT=0 SUCCESS=0 TERMINATED=0 TRUNCATED=0
DAY4_MOTION_DONE=1 ELAPSED_SIM=1.202 INITIAL_ERR=0.01781 FINAL_ERR=0.00036 ARM_V=0.00405
DAY4_STEP=1 EPISODE=002 STEP=02 DIST=0.015341 YAW_ERR_DEG=0.017 REQUESTED_MOVE=0.004967 EXECUTED_MOVE=0.004864 ATTEMPT=0 SUCCESS=0 TERMINATED=0 TRUNCATED=0
DAY4_MOTION_DONE=1 ELAPSED_SIM=1.200 INITIAL_ERR=0.01787 FINAL_ERR=0.00037 ARM_V=0.00406
DAY4_STEP=1 EPISODE=002 STEP=03 DIST=0.010480 YAW_ERR_DEG=0.023 REQUESTED_MOVE=0.004955 EXECUTED_MOVE=0.004852 ATTEMPT=0 SUCCESS=0 TERMINATED=0 TRUNCATED=0
DAY4_MOTION_DONE=1 ELAPSED_SIM=1.202 INITIAL_ERR=0.01792 FINAL_ERR=0.00037 ARM_V=0.00407
DAY4_GRASP_ATTEMPT=1
TRIAL=002 PHASE=CLOSE_SEARCH
TRIAL=002 LEFT_CONTACT=0 RIGHT_CONTACT=0 STALL=0
TRIAL=002 LEFT_CONTACT=0 RIGHT_CONTACT=1 STALL=0
TRIAL=002 PHASE=WAIT_DUAL_CONTACT
TRIAL=002 PHASE=WAIT_STALL
TRIAL=002 LEFT_CONTACT=1 RIGHT_CONTACT=1 STALL=0 GRIPPER_ERROR=0.05437 VELOCITY=0.03885 CLOSURE_M=0.00076
TRIAL=002 LEFT_CONTACT=1 RIGHT_CONTACT=1 STALL=0 GRIPPER_ERROR=0.04371 VELOCITY=0.00575 CLOSURE_M=0.00109
TRIAL=002 LEFT_CONTACT=1 RIGHT_CONTACT=1 STALL=0 GRIPPER_ERROR=0.03864 VELOCITY=0.00480 CLOSURE_M=0.00125
TRIAL=002 LEFT_CONTACT=1 RIGHT_CONTACT=1 STALL=0 GRIPPER_ERROR=0.03434 VELOCITY=0.00440 CLOSURE_M=0.00138
TRIAL=002 LEFT_CONTACT=1 RIGHT_CONTACT=1 STALL=1 GRIPPER_ERROR=0.03025 VELOCITY=0.00432 CLOSURE_M=0.00151
TRIAL=002 PHASE=LIFT_80_MM
TRIAL=002 ACTUAL_LIFT_M=-0.00002 LEFT_CONTACT=1 RIGHT_CONTACT=1
TRIAL=002 ACTUAL_LIFT_M=0.02686 LEFT_CONTACT=1 RIGHT_CONTACT=1
TRIAL=002 ACTUAL_LIFT_M=0.05937 LEFT_CONTACT=1 RIGHT_CONTACT=1
TRIAL=002 PHASE=HOLD
TRIAL=002 HOLD_SIM_SEC=0.000 HOLD_WALL_SEC=0.000 ACTUAL_LIFT_M=0.07325 RELATIVE_SLIP_M=0.00000 LEFT_CONTACT=1 RIGHT_CONTACT=1
TRIAL=002 HOLD_SIM_SEC=0.886 HOLD_WALL_SEC=1.000 ACTUAL_LIFT_M=0.07589 RELATIVE_SLIP_M=0.00025 LEFT_CONTACT=1 RIGHT_CONTACT=1
TRIAL=002 HOLD_SIM_SEC=1.818 HOLD_WALL_SEC=2.001 ACTUAL_LIFT_M=0.07580 RELATIVE_SLIP_M=0.00025 LEFT_CONTACT=1 RIGHT_CONTACT=1
TRIAL=002 HOLD_SIM_SEC=2.754 HOLD_WALL_SEC=3.001 ACTUAL_LIFT_M=0.07571 RELATIVE_SLIP_M=0.00025 LEFT_CONTACT=1 RIGHT_CONTACT=1
TRIAL=002 HOLD_SIM_SEC=3.682 HOLD_WALL_SEC=4.001 ACTUAL_LIFT_M=0.07563 RELATIVE_SLIP_M=0.00025 LEFT_CONTACT=1 RIGHT_CONTACT=1
TRIAL=002 HOLD_SIM_SEC=4.636 HOLD_WALL_SEC=5.002 ACTUAL_LIFT_M=0.07557 RELATIVE_SLIP_M=0.00025 LEFT_CONTACT=1 RIGHT_CONTACT=1
TRIAL=002 PHASE=PLACE_DOWN
TRIAL=002 PHASE=OPEN_GRIPPER
TRIAL=002 PHASE=RETREAT_PREGRASP
TRIAL=002 PHASE=GRASP_SUCCESS
TRIAL=002 DAY5_PLACE_RELEASE=PASS
DAY4_GRASP_RESULT=SUCCESS
DAY4_STEP=1 EPISODE=002 STEP=04 DIST=0.005639 YAW_ERR_DEG=0.027 REQUESTED_MOVE=0.004946 EXECUTED_MOVE=0.004844 ATTEMPT=1 SUCCESS=1 TERMINATED=1 TRUNCATED=0
DAY7_EPISODE=2 LEVEL=L2 VALID=1/50 TECHNICAL=False SUCCESS=True REASON=
DAY4_RESET_GRIPPER=OPEN ANGLE_RAD=1.570000 EFFORT_NM=1.200000
DAY4_RESET_GRIPPER=AFTER_INITIAL_MOVE ANGLE_RAD=1.570000 EFFORT_NM=1.200000
TRIAL=003 VISUAL_CENTER=[0.303915336728096, -0.007861300371587276, 0.028529659049966287] SURFACE=[0.303915336728096, -0.007861300371587276, 0.05352965904996629] CONTOUR_DEG=-0.34 AXIS_STD_DEG=0.11 FOOTPRINT=[0.050157396122813225, 0.050157396122813225] CONFIDENCE=0.9696
TRIAL=003 SELECTED_CONTOUR_ORIENTATION=+89.66deg TILT=19.0 LEAN=+1 SYMMETRY=1 IK_FK_POS_ERROR=0.000003m IK_FK_ORIENTATION_ERROR=0.000000rad FINGER_FK_LIFT=0.080000m FINGER_FK_DRIFT=0.000000m JOINT_MOTION=2.993506rad
DAY4_MOTION_DONE=1 ELAPSED_SIM=1.202 INITIAL_ERR=0.01666 FINAL_ERR=0.00031 ARM_V=0.00343
DAY4_STEP=1 EPISODE=003 STEP=01 DIST=0.020276 YAW_ERR_DEG=0.009 REQUESTED_MOVE=0.005004 EXECUTED_MOVE=0.004905 ATTEMPT=0 SUCCESS=0 TERMINATED=0 TRUNCATED=0
DAY4_MOTION_DONE=1 ELAPSED_SIM=1.202 INITIAL_ERR=0.01714 FINAL_ERR=0.00028 ARM_V=0.00316
DAY4_STEP=1 EPISODE=003 STEP=02 DIST=0.015395 YAW_ERR_DEG=0.016 REQUESTED_MOVE=0.004970 EXECUTED_MOVE=0.004883 ATTEMPT=0 SUCCESS=0 TERMINATED=0 TRUNCATED=0
DAY4_MOTION_DONE=1 ELAPSED_SIM=1.202 INITIAL_ERR=0.01729 FINAL_ERR=0.00032 ARM_V=0.00355
DAY4_STEP=1 EPISODE=003 STEP=03 DIST=0.010533 YAW_ERR_DEG=0.021 REQUESTED_MOVE=0.004958 EXECUTED_MOVE=0.004863 ATTEMPT=0 SUCCESS=0 TERMINATED=0 TRUNCATED=0
DAY4_MOTION_DONE=1 ELAPSED_SIM=1.200 INITIAL_ERR=0.01735 FINAL_ERR=0.00029 ARM_V=0.00320
DAY4_GRASP_ATTEMPT=1
TRIAL=003 PHASE=CLOSE_SEARCH
TRIAL=003 LEFT_CONTACT=0 RIGHT_CONTACT=0 STALL=0
TRIAL=003 LEFT_CONTACT=1 RIGHT_CONTACT=0 STALL=0
TRIAL=003 PHASE=WAIT_DUAL_CONTACT
TRIAL=003 PHASE=WAIT_STALL
TRIAL=003 LEFT_CONTACT=1 RIGHT_CONTACT=1 STALL=0 GRIPPER_ERROR=0.06573 VELOCITY=0.03901 CLOSURE_M=0.00042
TRIAL=003 LEFT_CONTACT=1 RIGHT_CONTACT=1 STALL=0 GRIPPER_ERROR=0.04472 VELOCITY=0.01247 CLOSURE_M=0.00107
TRIAL=003 LEFT_CONTACT=1 RIGHT_CONTACT=1 STALL=0 GRIPPER_ERROR=0.03755 VELOCITY=0.00592 CLOSURE_M=0.00129
TRIAL=003 LEFT_CONTACT=1 RIGHT_CONTACT=1 STALL=0 GRIPPER_ERROR=0.03273 VELOCITY=0.00478 CLOSURE_M=0.00144
TRIAL=003 PHASE=LIFT_80_MM
TRIAL=003 ACTUAL_LIFT_M=-0.00027 LEFT_CONTACT=1 RIGHT_CONTACT=1
TRIAL=003 ACTUAL_LIFT_M=0.02707 LEFT_CONTACT=1 RIGHT_CONTACT=1
TRIAL=003 ACTUAL_LIFT_M=0.05828 LEFT_CONTACT=1 RIGHT_CONTACT=1
TRIAL=003 PHASE=HOLD
TRIAL=003 HOLD_SIM_SEC=0.000 HOLD_WALL_SEC=0.000 ACTUAL_LIFT_M=0.07127 RELATIVE_SLIP_M=0.00000 LEFT_CONTACT=1 RIGHT_CONTACT=1
TRIAL=003 HOLD_SIM_SEC=0.890 HOLD_WALL_SEC=1.001 ACTUAL_LIFT_M=0.07430 RELATIVE_SLIP_M=0.00028 LEFT_CONTACT=1 RIGHT_CONTACT=1
TRIAL=003 HOLD_SIM_SEC=1.838 HOLD_WALL_SEC=2.001 ACTUAL_LIFT_M=0.07423 RELATIVE_SLIP_M=0.00028 LEFT_CONTACT=1 RIGHT_CONTACT=1
TRIAL=003 HOLD_SIM_SEC=2.780 HOLD_WALL_SEC=3.001 ACTUAL_LIFT_M=0.07415 RELATIVE_SLIP_M=0.00028 LEFT_CONTACT=1 RIGHT_CONTACT=1
TRIAL=003 HOLD_SIM_SEC=3.738 HOLD_WALL_SEC=4.002 ACTUAL_LIFT_M=0.07406 RELATIVE_SLIP_M=0.00028 LEFT_CONTACT=1 RIGHT_CONTACT=1
TRIAL=003 HOLD_SIM_SEC=4.684 HOLD_WALL_SEC=5.002 ACTUAL_LIFT_M=0.07397 RELATIVE_SLIP_M=0.00028 LEFT_CONTACT=1 RIGHT_CONTACT=1
TRIAL=003 PHASE=PLACE_DOWN
TRIAL=003 PHASE=OPEN_GRIPPER
TRIAL=003 PHASE=RETREAT_PREGRASP
TRIAL=003 PHASE=GRASP_SUCCESS
TRIAL=003 DAY5_PLACE_RELEASE=PASS
DAY4_GRASP_RESULT=SUCCESS
DAY4_STEP=1 EPISODE=003 STEP=04 DIST=0.005672 YAW_ERR_DEG=0.025 REQUESTED_MOVE=0.004949 EXECUTED_MOVE=0.004864 ATTEMPT=1 SUCCESS=1 TERMINATED=1 TRUNCATED=0
DAY7_EPISODE=3 LEVEL=L2 VALID=2/50 TECHNICAL=False SUCCESS=True REASON=
DAY4_RESET_GRIPPER=OPEN ANGLE_RAD=1.570000 EFFORT_NM=1.200000
DAY4_RESET_GRIPPER=AFTER_INITIAL_MOVE ANGLE_RAD=1.570000 EFFORT_NM=1.200000
TRIAL=004 VISUAL_CENTER=[0.3117317259311676, -0.02579822593543213, 0.021851412770568575] SURFACE=[0.3117317259311676, -0.02579822593543213, 0.046851412770568576] CONTOUR_DEG=0.02 AXIS_STD_DEG=0.08 FOOTPRINT=[0.050324447453022, 0.050324447453022] CONFIDENCE=0.9719
TRIAL=004 SELECTED_CONTOUR_ORIENTATION=+90.02deg TILT=22.5 LEAN=+1 SYMMETRY=1 IK_FK_POS_ERROR=0.000013m IK_FK_ORIENTATION_ERROR=0.000000rad FINGER_FK_LIFT=0.080000m FINGER_FK_DRIFT=0.000000m JOINT_MOTION=3.034634rad
DAY4_MOTION_DONE=1 ELAPSED_SIM=1.202 INITIAL_ERR=0.01644 FINAL_ERR=0.00025 ARM_V=0.00274
DAY4_STEP=1 EPISODE=004 STEP=01 DIST=0.020273 YAW_ERR_DEG=0.013 REQUESTED_MOVE=0.005001 EXECUTED_MOVE=0.004919 ATTEMPT=0 SUCCESS=0 TERMINATED=0 TRUNCATED=0
DAY4_MOTION_DONE=1 ELAPSED_SIM=1.202 INITIAL_ERR=0.01698 FINAL_ERR=0.00023 ARM_V=0.00255
DAY4_STEP=1 EPISODE=004 STEP=02 DIST=0.015376 YAW_ERR_DEG=0.020 REQUESTED_MOVE=0.004970 EXECUTED_MOVE=0.004899 ATTEMPT=0 SUCCESS=0 TERMINATED=0 TRUNCATED=0
DAY4_MOTION_DONE=1 ELAPSED_SIM=1.202 INITIAL_ERR=0.01714 FINAL_ERR=0.00023 ARM_V=0.00257
DAY4_STEP=1 EPISODE=004 STEP=03 DIST=0.010488 YAW_ERR_DEG=0.025 REQUESTED_MOVE=0.004959 EXECUTED_MOVE=0.004888 ATTEMPT=0 SUCCESS=0 TERMINATED=0 TRUNCATED=0
DAY4_MOTION_DONE=1 ELAPSED_SIM=1.202 INITIAL_ERR=0.01723 FINAL_ERR=0.00023 ARM_V=0.00258
DAY4_GRASP_ATTEMPT=1
TRIAL=004 PHASE=CLOSE_SEARCH
TRIAL=004 LEFT_CONTACT=0 RIGHT_CONTACT=0 STALL=0
TRIAL=004 PHASE=WAIT_DUAL_CONTACT
TRIAL=004 LEFT_CONTACT=1 RIGHT_CONTACT=1 STALL=0
TRIAL=004 PHASE=WAIT_STALL
TRIAL=004 LEFT_CONTACT=1 RIGHT_CONTACT=1 STALL=0 GRIPPER_ERROR=0.06903 VELOCITY=0.04229 CLOSURE_M=0.00029
TRIAL=004 LEFT_CONTACT=1 RIGHT_CONTACT=1 STALL=0 GRIPPER_ERROR=0.04375 VELOCITY=0.01412 CLOSURE_M=0.00098
TRIAL=004 LEFT_CONTACT=1 RIGHT_CONTACT=1 STALL=0 GRIPPER_ERROR=0.03531 VELOCITY=0.00670 CLOSURE_M=0.00121
TRIAL=004 LEFT_CONTACT=1 RIGHT_CONTACT=1 STALL=0 GRIPPER_ERROR=0.02989 VELOCITY=0.00504 CLOSURE_M=0.00137
TRIAL=004 LEFT_CONTACT=1 RIGHT_CONTACT=1 STALL=0 GRIPPER_ERROR=0.02541 VELOCITY=0.00458 CLOSURE_M=0.00149
TRIAL=004 PHASE=LIFT_80_MM
TRIAL=004 ACTUAL_LIFT_M=-0.00002 LEFT_CONTACT=1 RIGHT_CONTACT=1
TRIAL=004 ACTUAL_LIFT_M=0.02824 LEFT_CONTACT=1 RIGHT_CONTACT=1
TRIAL=004 ACTUAL_LIFT_M=0.05956 LEFT_CONTACT=1 RIGHT_CONTACT=1
TRIAL=004 PHASE=HOLD
TRIAL=004 HOLD_SIM_SEC=0.000 HOLD_WALL_SEC=0.000 ACTUAL_LIFT_M=0.07187 RELATIVE_SLIP_M=0.00000 LEFT_CONTACT=1 RIGHT_CONTACT=1
TRIAL=004 HOLD_SIM_SEC=0.884 HOLD_WALL_SEC=1.001 ACTUAL_LIFT_M=0.07474 RELATIVE_SLIP_M=0.00028 LEFT_CONTACT=1 RIGHT_CONTACT=1
TRIAL=004 HOLD_SIM_SEC=1.826 HOLD_WALL_SEC=2.001 ACTUAL_LIFT_M=0.07465 RELATIVE_SLIP_M=0.00028 LEFT_CONTACT=1 RIGHT_CONTACT=1
TRIAL=004 HOLD_SIM_SEC=2.764 HOLD_WALL_SEC=3.001 ACTUAL_LIFT_M=0.07457 RELATIVE_SLIP_M=0.00028 LEFT_CONTACT=1 RIGHT_CONTACT=1
TRIAL=004 HOLD_SIM_SEC=3.702 HOLD_WALL_SEC=4.001 ACTUAL_LIFT_M=0.07452 RELATIVE_SLIP_M=0.00028 LEFT_CONTACT=1 RIGHT_CONTACT=1
TRIAL=004 HOLD_SIM_SEC=4.632 HOLD_WALL_SEC=5.001 ACTUAL_LIFT_M=0.07447 RELATIVE_SLIP_M=0.00028 LEFT_CONTACT=1 RIGHT_CONTACT=1
TRIAL=004 PHASE=PLACE_DOWN
TRIAL=004 PHASE=OPEN_GRIPPER
TRIAL=004 PHASE=RETREAT_PREGRASP
TRIAL=004 PHASE=GRASP_SUCCESS
TRIAL=004 DAY5_PLACE_RELEASE=PASS
DAY4_GRASP_RESULT=SUCCESS
DAY4_STEP=1 EPISODE=004 STEP=04 DIST=0.005610 YAW_ERR_DEG=0.029 REQUESTED_MOVE=0.004951 EXECUTED_MOVE=0.004881 ATTEMPT=1 SUCCESS=1 TERMINATED=1 TRUNCATED=0
DAY7_EPISODE=4 LEVEL=L2 VALID=3/50 TECHNICAL=False SUCCESS=True REASON=
DAY4_RESET_GRIPPER=OPEN ANGLE_RAD=1.570000 EFFORT_NM=1.200000
DAY4_RESET_GRIPPER=AFTER_INITIAL_MOVE ANGLE_RAD=1.570000 EFFORT_NM=1.200000
TRIAL=005 VISUAL_CENTER=[0.3002428859472275, 0.025262700677558314, 0.022475326176877773] SURFACE=[0.3002428859472275, 0.025262700677558314, 0.047475326176877775] CONTOUR_DEG=0.41 AXIS_STD_DEG=0.17 FOOTPRINT=[0.050165414810180664, 0.050165414810180664] CONFIDENCE=0.9705
TRIAL=005 SELECTED_CONTOUR_ORIENTATION=+90.41deg TILT=17.2 LEAN=+1 SYMMETRY=1 IK_FK_POS_ERROR=0.000009m IK_FK_ORIENTATION_ERROR=0.000000rad FINGER_FK_LIFT=0.080000m FINGER_FK_DRIFT=0.000000m JOINT_MOTION=3.019133rad
DAY4_MOTION_DONE=1 ELAPSED_SIM=1.202 INITIAL_ERR=0.01695 FINAL_ERR=0.00035 ARM_V=0.00388
DAY4_STEP=1 EPISODE=005 STEP=01 DIST=0.020265 YAW_ERR_DEG=0.003 REQUESTED_MOVE=0.005002 EXECUTED_MOVE=0.004893 ATTEMPT=0 SUCCESS=0 TERMINATED=0 TRUNCATED=0
DAY4_MOTION_DONE=1 ELAPSED_SIM=1.200 INITIAL_ERR=0.01732 FINAL_ERR=0.00035 ARM_V=0.00394
DAY4_STEP=1 EPISODE=005 STEP=02 DIST=0.015403 YAW_ERR_DEG=0.009 REQUESTED_MOVE=0.004968 EXECUTED_MOVE=0.004864 ATTEMPT=0 SUCCESS=0 TERMINATED=0 TRUNCATED=0
DAY4_MOTION_DONE=1 ELAPSED_SIM=1.202 INITIAL_ERR=0.01746 FINAL_ERR=0.00036 ARM_V=0.00397
DAY4_STEP=1 EPISODE=005 STEP=03 DIST=0.010552 YAW_ERR_DEG=0.014 REQUESTED_MOVE=0.004956 EXECUTED_MOVE=0.004852 ATTEMPT=0 SUCCESS=0 TERMINATED=0 TRUNCATED=0
DAY4_MOTION_DONE=1 ELAPSED_SIM=1.202 INITIAL_ERR=0.01751 FINAL_ERR=0.00036 ARM_V=0.00398
DAY4_GRASP_ATTEMPT=1
TRIAL=005 PHASE=CLOSE_SEARCH
TRIAL=005 LEFT_CONTACT=0 RIGHT_CONTACT=0 STALL=0
TRIAL=005 LEFT_CONTACT=0 RIGHT_CONTACT=1 STALL=0
TRIAL=005 PHASE=WAIT_DUAL_CONTACT
TRIAL=005 PHASE=WAIT_STALL
TRIAL=005 LEFT_CONTACT=1 RIGHT_CONTACT=1 STALL=0 GRIPPER_ERROR=0.05661 VELOCITY=0.03646 CLOSURE_M=0.00064
TRIAL=005 LEFT_CONTACT=1 RIGHT_CONTACT=1 STALL=0 GRIPPER_ERROR=0.04313 VELOCITY=0.00761 CLOSURE_M=0.00102
TRIAL=005 LEFT_CONTACT=1 RIGHT_CONTACT=1 STALL=0 GRIPPER_ERROR=0.03755 VELOCITY=0.00505 CLOSURE_M=0.00118
TRIAL=005 LEFT_CONTACT=1 RIGHT_CONTACT=1 STALL=0 GRIPPER_ERROR=0.03306 VELOCITY=0.00448 CLOSURE_M=0.00131
TRIAL=005 LEFT_CONTACT=1 RIGHT_CONTACT=1 STALL=0 GRIPPER_ERROR=0.02898 VELOCITY=0.00434 CLOSURE_M=0.00143
TRIAL=005 PHASE=LIFT_80_MM
TRIAL=005 ACTUAL_LIFT_M=-0.00002 LEFT_CONTACT=1 RIGHT_CONTACT=1
TRIAL=005 ACTUAL_LIFT_M=0.02687 LEFT_CONTACT=1 RIGHT_CONTACT=1
TRIAL=005 ACTUAL_LIFT_M=0.05832 LEFT_CONTACT=1 RIGHT_CONTACT=1
TRIAL=005 PHASE=HOLD
TRIAL=005 HOLD_SIM_SEC=0.000 HOLD_WALL_SEC=0.000 ACTUAL_LIFT_M=0.07208 RELATIVE_SLIP_M=0.00000 LEFT_CONTACT=1 RIGHT_CONTACT=1
TRIAL=005 HOLD_SIM_SEC=0.894 HOLD_WALL_SEC=1.001 ACTUAL_LIFT_M=0.07509 RELATIVE_SLIP_M=0.00028 LEFT_CONTACT=1 RIGHT_CONTACT=1
TRIAL=005 HOLD_SIM_SEC=1.834 HOLD_WALL_SEC=2.001 ACTUAL_LIFT_M=0.07502 RELATIVE_SLIP_M=0.00028 LEFT_CONTACT=1 RIGHT_CONTACT=1
TRIAL=005 HOLD_SIM_SEC=2.760 HOLD_WALL_SEC=3.001 ACTUAL_LIFT_M=0.07493 RELATIVE_SLIP_M=0.00028 LEFT_CONTACT=1 RIGHT_CONTACT=1
TRIAL=005 HOLD_SIM_SEC=3.682 HOLD_WALL_SEC=4.001 ACTUAL_LIFT_M=0.07483 RELATIVE_SLIP_M=0.00028 LEFT_CONTACT=1 RIGHT_CONTACT=1
TRIAL=005 HOLD_SIM_SEC=4.630 HOLD_WALL_SEC=5.001 ACTUAL_LIFT_M=0.07473 RELATIVE_SLIP_M=0.00028 LEFT_CONTACT=1 RIGHT_CONTACT=1
TRIAL=005 PHASE=PLACE_DOWN
TRIAL=005 PHASE=OPEN_GRIPPER
TRIAL=005 PHASE=RETREAT_PREGRASP
TRIAL=005 PHASE=GRASP_SUCCESS
TRIAL=005 DAY5_PLACE_RELEASE=PASS
DAY4_GRASP_RESULT=SUCCESS
DAY4_STEP=1 EPISODE=005 STEP=04 DIST=0.005710 YAW_ERR_DEG=0.017 REQUESTED_MOVE=0.004948 EXECUTED_MOVE=0.004845 ATTEMPT=1 SUCCESS=1 TERMINATED=1 TRUNCATED=0
DAY7_EPISODE=5 LEVEL=L2 VALID=4/50 TECHNICAL=False SUCCESS=True REASON=
DAY4_RESET_GRIPPER=OPEN ANGLE_RAD=1.570000 EFFORT_NM=1.200000
DAY4_RESET_GRIPPER=AFTER_INITIAL_MOVE ANGLE_RAD=1.570000 EFFORT_NM=1.200000
TRIAL=006 VISUAL_CENTER=[0.32014021277427673, 0.005792786367237568, 0.02569339195412134] SURFACE=[0.32014021277427673, 0.005792786367237568, 0.05069339195412134] CONTOUR_DEG=-0.48 AXIS_STD_DEG=0.20 FOOTPRINT=[0.04997188225388527, 0.04997188225388527] CONFIDENCE=0.9724
TRIAL=006 SELECTED_CONTOUR_ORIENTATION=+89.52deg TILT=26.3 LEAN=+1 SYMMETRY=1 IK_FK_POS_ERROR=0.000005m IK_FK_ORIENTATION_ERROR=0.000000rad FINGER_FK_LIFT=0.080000m FINGER_FK_DRIFT=0.000000m JOINT_MOTION=3.025833rad
DAY4_MOTION_DONE=1 ELAPSED_SIM=1.202 INITIAL_ERR=0.01604 FINAL_ERR=0.00033 ARM_V=0.00367
DAY4_STEP=1 EPISODE=006 STEP=01 DIST=0.020350 YAW_ERR_DEG=0.004 REQUESTED_MOVE=0.005000 EXECUTED_MOVE=0.004889 ATTEMPT=0 SUCCESS=0 TERMINATED=0 TRUNCATED=0
DAY4_MOTION_DONE=1 ELAPSED_SIM=1.202 INITIAL_ERR=0.01663 FINAL_ERR=0.00034 ARM_V=0.00378
DAY4_STEP=1 EPISODE=006 STEP=02 DIST=0.015486 YAW_ERR_DEG=0.010 REQUESTED_MOVE=0.004971 EXECUTED_MOVE=0.004865 ATTEMPT=0 SUCCESS=0 TERMINATED=0 TRUNCATED=0
DAY4_MOTION_DONE=1 ELAPSED_SIM=1.202 INITIAL_ERR=0.01683 FINAL_ERR=0.00034 ARM_V=0.00382
DAY4_STEP=1 EPISODE=006 STEP=03 DIST=0.010633 YAW_ERR_DEG=0.014 REQUESTED_MOVE=0.004960 EXECUTED_MOVE=0.004854 ATTEMPT=0 SUCCESS=0 TERMINATED=0 TRUNCATED=0
DAY4_MOTION_DONE=1 ELAPSED_SIM=1.202 INITIAL_ERR=0.01694 FINAL_ERR=0.00031 ARM_V=0.00347
DAY4_GRASP_ATTEMPT=1
TRIAL=006 PHASE=CLOSE_SEARCH
TRIAL=006 LEFT_CONTACT=0 RIGHT_CONTACT=0 STALL=0
TRIAL=006 LEFT_CONTACT=1 RIGHT_CONTACT=0 STALL=0
TRIAL=006 PHASE=WAIT_DUAL_CONTACT
TRIAL=006 PHASE=WAIT_STALL
TRIAL=006 LEFT_CONTACT=1 RIGHT_CONTACT=1 STALL=0 GRIPPER_ERROR=0.06315 VELOCITY=0.06437 CLOSURE_M=0.00061
TRIAL=006 LEFT_CONTACT=1 RIGHT_CONTACT=1 STALL=0 GRIPPER_ERROR=0.05220 VELOCITY=0.00559 CLOSURE_M=0.00101
TRIAL=006 LEFT_CONTACT=1 RIGHT_CONTACT=1 STALL=0 GRIPPER_ERROR=0.04711 VELOCITY=0.00493 CLOSURE_M=0.00120
TRIAL=006 LEFT_CONTACT=1 RIGHT_CONTACT=1 STALL=0 GRIPPER_ERROR=0.04285 VELOCITY=0.00441 CLOSURE_M=0.00136
TRIAL=006 LEFT_CONTACT=1 RIGHT_CONTACT=1 STALL=1 GRIPPER_ERROR=0.03880 VELOCITY=0.00434 CLOSURE_M=0.00152
TRIAL=006 PHASE=LIFT_80_MM
TRIAL=006 ACTUAL_LIFT_M=-0.00001 LEFT_CONTACT=1 RIGHT_CONTACT=1
TRIAL=006 ACTUAL_LIFT_M=0.02705 LEFT_CONTACT=1 RIGHT_CONTACT=1
TRIAL=006 ACTUAL_LIFT_M=0.05862 LEFT_CONTACT=1 RIGHT_CONTACT=1
TRIAL=006 PHASE=HOLD
TRIAL=006 HOLD_SIM_SEC=0.000 HOLD_WALL_SEC=0.000 ACTUAL_LIFT_M=0.07245 RELATIVE_SLIP_M=0.00000 LEFT_CONTACT=1 RIGHT_CONTACT=1
TRIAL=006 HOLD_SIM_SEC=0.882 HOLD_WALL_SEC=1.001 ACTUAL_LIFT_M=0.07540 RELATIVE_SLIP_M=0.00028 LEFT_CONTACT=1 RIGHT_CONTACT=1
TRIAL=006 HOLD_SIM_SEC=1.822 HOLD_WALL_SEC=2.001 ACTUAL_LIFT_M=0.07535 RELATIVE_SLIP_M=0.00028 LEFT_CONTACT=1 RIGHT_CONTACT=1
TRIAL=006 HOLD_SIM_SEC=2.762 HOLD_WALL_SEC=3.001 ACTUAL_LIFT_M=0.07528 RELATIVE_SLIP_M=0.00028 LEFT_CONTACT=1 RIGHT_CONTACT=1
TRIAL=006 HOLD_SIM_SEC=3.602 HOLD_WALL_SEC=4.002 ACTUAL_LIFT_M=0.07522 RELATIVE_SLIP_M=0.00028 LEFT_CONTACT=1 RIGHT_CONTACT=1
TRIAL=006 HOLD_SIM_SEC=4.528 HOLD_WALL_SEC=5.002 ACTUAL_LIFT_M=0.07515 RELATIVE_SLIP_M=0.00028 LEFT_CONTACT=1 RIGHT_CONTACT=1
TRIAL=006 PHASE=PLACE_DOWN
TRIAL=006 PHASE=OPEN_GRIPPER
TRIAL=006 PHASE=RETREAT_PREGRASP
TRIAL=006 PHASE=GRASP_SUCCESS
TRIAL=006 DAY5_PLACE_RELEASE=PASS
DAY4_GRASP_RESULT=SUCCESS
DAY4_STEP=1 EPISODE=006 STEP=04 DIST=0.005779 YAW_ERR_DEG=0.017 REQUESTED_MOVE=0.004952 EXECUTED_MOVE=0.004857 ATTEMPT=1 SUCCESS=1 TERMINATED=1 TRUNCATED=0
DAY7_EPISODE=6 LEVEL=L2 VALID=5/50 TECHNICAL=False SUCCESS=True REASON=
DAY4_RESET_GRIPPER=OPEN ANGLE_RAD=1.570000 EFFORT_NM=1.200000
DAY4_RESET_GRIPPER=AFTER_INITIAL_MOVE ANGLE_RAD=1.570000 EFFORT_NM=1.200000
TRIAL=007 VISUAL_CENTER=[0.3235215097665787, 0.0022640563547611237, 0.022566973143857985] SURFACE=[0.3235215097665787, 0.0022640563547611237, 0.047566973143857987] CONTOUR_DEG=-0.90 AXIS_STD_DEG=0.13 FOOTPRINT=[0.05043979547917843, 0.05043979547917843] CONFIDENCE=0.9762
TRIAL=007 SELECTED_CONTOUR_ORIENTATION=+89.10deg TILT=27.8 LEAN=+1 SYMMETRY=1 IK_FK_POS_ERROR=0.000005m IK_FK_ORIENTATION_ERROR=0.000000rad FINGER_FK_LIFT=0.080000m FINGER_FK_DRIFT=0.000000m JOINT_MOTION=3.049006rad
DAY4_MOTION_DONE=1 ELAPSED_SIM=1.202 INITIAL_ERR=0.01603 FINAL_ERR=0.00033 ARM_V=0.00367
DAY4_STEP=1 EPISODE=007 STEP=01 DIST=0.020347 YAW_ERR_DEG=0.004 REQUESTED_MOVE=0.004998 EXECUTED_MOVE=0.004887 ATTEMPT=0 SUCCESS=0 TERMINATED=0 TRUNCATED=0
DAY4_MOTION_DONE=1 ELAPSED_SIM=1.202 INITIAL_ERR=0.01661 FINAL_ERR=0.00034 ARM_V=0.00377
DAY4_STEP=1 EPISODE=007 STEP=02 DIST=0.015484 YAW_ERR_DEG=0.009 REQUESTED_MOVE=0.004971 EXECUTED_MOVE=0.004864 ATTEMPT=0 SUCCESS=0 TERMINATED=0 TRUNCATED=0
DAY4_MOTION_DONE=1 ELAPSED_SIM=1.202 INITIAL_ERR=0.01681 FINAL_ERR=0.00034 ARM_V=0.00382
DAY4_STEP=1 EPISODE=007 STEP=03 DIST=0.010631 YAW_ERR_DEG=0.014 REQUESTED_MOVE=0.004960 EXECUTED_MOVE=0.004854 ATTEMPT=0 SUCCESS=0 TERMINATED=0 TRUNCATED=0
DAY4_MOTION_DONE=1 ELAPSED_SIM=1.202 INITIAL_ERR=0.01694 FINAL_ERR=0.00035 ARM_V=0.00385
DAY4_GRASP_ATTEMPT=1
TRIAL=007 PHASE=CLOSE_SEARCH
TRIAL=007 LEFT_CONTACT=0 RIGHT_CONTACT=0 STALL=0
TRIAL=007 LEFT_CONTACT=1 RIGHT_CONTACT=0 STALL=0
TRIAL=007 PHASE=WAIT_DUAL_CONTACT
TRIAL=007 PHASE=WAIT_STALL
TRIAL=007 LEFT_CONTACT=1 RIGHT_CONTACT=1 STALL=0 GRIPPER_ERROR=0.05624 VELOCITY=0.03783 CLOSURE_M=0.00066
TRIAL=007 LEFT_CONTACT=1 RIGHT_CONTACT=1 STALL=0 GRIPPER_ERROR=0.04531 VELOCITY=0.00725 CLOSURE_M=0.00098
TRIAL=007 LEFT_CONTACT=1 RIGHT_CONTACT=1 STALL=0 GRIPPER_ERROR=0.03918 VELOCITY=0.00541 CLOSURE_M=0.00116
TRIAL=007 LEFT_CONTACT=1 RIGHT_CONTACT=1 STALL=0 GRIPPER_ERROR=0.03458 VELOCITY=0.00466 CLOSURE_M=0.00130
TRIAL=007 LEFT_CONTACT=1 RIGHT_CONTACT=1 STALL=0 GRIPPER_ERROR=0.03037 VELOCITY=0.00441 CLOSURE_M=0.00142
TRIAL=007 PHASE=LIFT_80_MM
TRIAL=007 ACTUAL_LIFT_M=-0.00002 LEFT_CONTACT=1 RIGHT_CONTACT=1
TRIAL=007 ACTUAL_LIFT_M=0.02668 LEFT_CONTACT=1 RIGHT_CONTACT=1
TRIAL=007 ACTUAL_LIFT_M=0.05880 LEFT_CONTACT=1 RIGHT_CONTACT=1
TRIAL=007 PHASE=HOLD
TRIAL=007 HOLD_SIM_SEC=0.000 HOLD_WALL_SEC=0.000 ACTUAL_LIFT_M=0.07188 RELATIVE_SLIP_M=0.00000 LEFT_CONTACT=1 RIGHT_CONTACT=1
TRIAL=007 HOLD_SIM_SEC=0.888 HOLD_WALL_SEC=1.000 ACTUAL_LIFT_M=0.07507 RELATIVE_SLIP_M=0.00000 LEFT_CONTACT=1 RIGHT_CONTACT=1
TRIAL=007 HOLD_SIM_SEC=1.824 HOLD_WALL_SEC=2.001 ACTUAL_LIFT_M=0.07501 RELATIVE_SLIP_M=0.00000 LEFT_CONTACT=1 RIGHT_CONTACT=1
TRIAL=007 HOLD_SIM_SEC=2.764 HOLD_WALL_SEC=3.001 ACTUAL_LIFT_M=0.07493 RELATIVE_SLIP_M=0.00000 LEFT_CONTACT=1 RIGHT_CONTACT=1
TRIAL=007 HOLD_SIM_SEC=3.704 HOLD_WALL_SEC=4.001 ACTUAL_LIFT_M=0.07484 RELATIVE_SLIP_M=0.00000 LEFT_CONTACT=1 RIGHT_CONTACT=1
TRIAL=007 HOLD_SIM_SEC=4.644 HOLD_WALL_SEC=5.001 ACTUAL_LIFT_M=0.07477 RELATIVE_SLIP_M=0.00000 LEFT_CONTACT=1 RIGHT_CONTACT=1
TRIAL=007 PHASE=PLACE_DOWN
TRIAL=007 PHASE=OPEN_GRIPPER
TRIAL=007 PHASE=RETREAT_PREGRASP
TRIAL=007 PHASE=GRASP_SUCCESS
TRIAL=007 DAY5_PLACE_RELEASE=PASS
DAY4_GRASP_RESULT=SUCCESS
DAY4_STEP=1 EPISODE=007 STEP=04 DIST=0.005776 YAW_ERR_DEG=0.017 REQUESTED_MOVE=0.004952 EXECUTED_MOVE=0.004847 ATTEMPT=1 SUCCESS=1 TERMINATED=1 TRUNCATED=0
DAY7_EPISODE=7 LEVEL=L2 VALID=6/50 TECHNICAL=False SUCCESS=True REASON=
DAY4_RESET_GRIPPER=OPEN ANGLE_RAD=1.570000 EFFORT_NM=1.200000
DAY4_RESET_GRIPPER=AFTER_INITIAL_MOVE ANGLE_RAD=1.570000 EFFORT_NM=1.200000
TRIAL=008 VISUAL_CENTER=[0.2882504463195801, -0.006617738865315914, 0.023374095655463736] SURFACE=[0.2882504463195801, -0.006617738865315914, 0.04837409565546374] CONTOUR_DEG=0.17 AXIS_STD_DEG=0.21 FOOTPRINT=[0.049637192860245705, 0.049637192860245705] CONFIDENCE=0.9375
TRIAL=008 SELECTED_CONTOUR_ORIENTATION=+90.17deg TILT=11.3 LEAN=+1 SYMMETRY=1 IK_FK_POS_ERROR=0.000002m IK_FK_ORIENTATION_ERROR=0.000000rad FINGER_FK_LIFT=0.080000m FINGER_FK_DRIFT=0.000000m JOINT_MOTION=3.008566rad
DAY4_MOTION_DONE=1 ELAPSED_SIM=1.202 INITIAL_ERR=0.01759 FINAL_ERR=0.00040 ARM_V=0.00447
DAY4_STEP=1 EPISODE=008 STEP=01 DIST=0.020205 YAW_ERR_DEG=0.008 REQUESTED_MOVE=0.005004 EXECUTED_MOVE=0.004886 ATTEMPT=0 SUCCESS=0 TERMINATED=0 TRUNCATED=0
DAY4_MOTION_DONE=1 ELAPSED_SIM=1.202 INITIAL_ERR=0.01782 FINAL_ERR=0.00041 ARM_V=0.00450
DAY4_STEP=1 EPISODE=008 STEP=02 DIST=0.015354 YAW_ERR_DEG=0.015 REQUESTED_MOVE=0.004967 EXECUTED_MOVE=0.004853 ATTEMPT=0 SUCCESS=0 TERMINATED=0 TRUNCATED=0
DAY4_MOTION_DONE=1 ELAPSED_SIM=1.202 INITIAL_ERR=0.01790 FINAL_ERR=0.00041 ARM_V=0.00451
DAY4_STEP=1 EPISODE=008 STEP=03 DIST=0.010514 YAW_ERR_DEG=0.021 REQUESTED_MOVE=0.004954 EXECUTED_MOVE=0.004841 ATTEMPT=0 SUCCESS=0 TERMINATED=0 TRUNCATED=0
DAY4_MOTION_DONE=1 ELAPSED_SIM=1.202 INITIAL_ERR=0.01792 FINAL_ERR=0.00041 ARM_V=0.00451
DAY4_GRASP_ATTEMPT=1
TRIAL=008 PHASE=CLOSE_SEARCH
TRIAL=008 LEFT_CONTACT=0 RIGHT_CONTACT=0 STALL=0
TRIAL=008 LEFT_CONTACT=0 RIGHT_CONTACT=0 STALL=0
TRIAL=008 PHASE=WAIT_DUAL_CONTACT
TRIAL=008 PHASE=WAIT_STALL
TRIAL=008 LEFT_CONTACT=1 RIGHT_CONTACT=1 STALL=0 GRIPPER_ERROR=0.06441 VELOCITY=0.12780 CLOSURE_M=0.00048
TRIAL=008 LEFT_CONTACT=1 RIGHT_CONTACT=1 STALL=0 GRIPPER_ERROR=0.04575 VELOCITY=0.00224 CLOSURE_M=0.00107
TRIAL=008 LEFT_CONTACT=1 RIGHT_CONTACT=1 STALL=0 GRIPPER_ERROR=0.03838 VELOCITY=0.00602 CLOSURE_M=0.00131
TRIAL=008 LEFT_CONTACT=1 RIGHT_CONTACT=1 STALL=0 GRIPPER_ERROR=0.03357 VELOCITY=0.00467 CLOSURE_M=0.00146
TRIAL=008 PHASE=LIFT_80_MM
TRIAL=008 ACTUAL_LIFT_M=-0.00004 LEFT_CONTACT=1 RIGHT_CONTACT=1
TRIAL=008 ACTUAL_LIFT_M=0.02592 LEFT_CONTACT=1 RIGHT_CONTACT=1
TRIAL=008 ACTUAL_LIFT_M=0.05919 LEFT_CONTACT=1 RIGHT_CONTACT=1
TRIAL=008 PHASE=HOLD
TRIAL=008 HOLD_SIM_SEC=0.000 HOLD_WALL_SEC=0.000 ACTUAL_LIFT_M=0.07209 RELATIVE_SLIP_M=0.00000 LEFT_CONTACT=1 RIGHT_CONTACT=1
TRIAL=008 HOLD_SIM_SEC=0.870 HOLD_WALL_SEC=1.001 ACTUAL_LIFT_M=0.07458 RELATIVE_SLIP_M=0.00000 LEFT_CONTACT=1 RIGHT_CONTACT=1
TRIAL=008 HOLD_SIM_SEC=1.812 HOLD_WALL_SEC=2.001 ACTUAL_LIFT_M=0.07450 RELATIVE_SLIP_M=0.00000 LEFT_CONTACT=1 RIGHT_CONTACT=1
TRIAL=008 HOLD_SIM_SEC=2.764 HOLD_WALL_SEC=3.001 ACTUAL_LIFT_M=0.07441 RELATIVE_SLIP_M=0.00000 LEFT_CONTACT=1 RIGHT_CONTACT=1
TRIAL=008 HOLD_SIM_SEC=3.684 HOLD_WALL_SEC=4.001 ACTUAL_LIFT_M=0.07432 RELATIVE_SLIP_M=0.00000 LEFT_CONTACT=1 RIGHT_CONTACT=1
TRIAL=008 HOLD_SIM_SEC=4.622 HOLD_WALL_SEC=5.001 ACTUAL_LIFT_M=0.07424 RELATIVE_SLIP_M=0.00000 LEFT_CONTACT=1 RIGHT_CONTACT=1
TRIAL=008 PHASE=PLACE_DOWN
TRIAL=008 PHASE=OPEN_GRIPPER
TRIAL=008 PHASE=RETREAT_PREGRASP
TRIAL=008 PHASE=GRASP_SUCCESS
TRIAL=008 DAY5_PLACE_RELEASE=PASS
DAY4_GRASP_RESULT=SUCCESS
DAY4_STEP=1 EPISODE=008 STEP=04 DIST=0.005673 YAW_ERR_DEG=0.025 REQUESTED_MOVE=0.004946 EXECUTED_MOVE=0.004833 ATTEMPT=1 SUCCESS=1 TERMINATED=1 TRUNCATED=0
DAY7_EPISODE=8 LEVEL=L2 VALID=7/50 TECHNICAL=False SUCCESS=True REASON=
DAY4_RESET_GRIPPER=OPEN ANGLE_RAD=1.570000 EFFORT_NM=1.200000
DAY4_RESET_GRIPPER=AFTER_INITIAL_MOVE ANGLE_RAD=1.570000 EFFORT_NM=1.200000
TRIAL=009 VISUAL_CENTER=[0.29238586127758026, -0.018683411180973053, 0.02661851080435805] SURFACE=[0.29238586127758026, -0.018683411180973053, 0.05161851080435805] CONTOUR_DEG=-0.02 AXIS_STD_DEG=0.09 FOOTPRINT=[0.0495437067002058, 0.0495437067002058] CONFIDENCE=0.9526
TRIAL=009 SELECTED_CONTOUR_ORIENTATION=+89.98deg TILT=13.7 LEAN=+1 SYMMETRY=1 IK_FK_POS_ERROR=0.000006m IK_FK_ORIENTATION_ERROR=0.000000rad FINGER_FK_LIFT=0.080000m FINGER_FK_DRIFT=0.000000m JOINT_MOTION=2.996251rad
DAY4_MOTION_DONE=1 ELAPSED_SIM=1.202 INITIAL_ERR=0.01730 FINAL_ERR=0.00029 ARM_V=0.00320
DAY4_STEP=1 EPISODE=009 STEP=01 DIST=0.020211 YAW_ERR_DEG=0.010 REQUESTED_MOVE=0.005003 EXECUTED_MOVE=0.004915 ATTEMPT=0 SUCCESS=0 TERMINATED=0 TRUNCATED=0
DAY4_MOTION_DONE=1 ELAPSED_SIM=1.202 INITIAL_ERR=0.01762 FINAL_ERR=0.00033 ARM_V=0.00361
DAY4_STEP=1 EPISODE=009 STEP=02 DIST=0.015339 YAW_ERR_DEG=0.018 REQUESTED_MOVE=0.004968 EXECUTED_MOVE=0.004874 ATTEMPT=0 SUCCESS=0 TERMINATED=0 TRUNCATED=0
DAY4_MOTION_DONE=1 ELAPSED_SIM=1.202 INITIAL_ERR=0.01768 FINAL_ERR=0.00033 ARM_V=0.00363
DAY4_STEP=1 EPISODE=009 STEP=03 DIST=0.010469 YAW_ERR_DEG=0.024 REQUESTED_MOVE=0.004955 EXECUTED_MOVE=0.004862 ATTEMPT=0 SUCCESS=0 TERMINATED=0 TRUNCATED=0
DAY4_MOTION_DONE=1 ELAPSED_SIM=1.202 INITIAL_ERR=0.01776 FINAL_ERR=0.00030 ARM_V=0.00328
DAY4_GRASP_ATTEMPT=1
TRIAL=009 PHASE=CLOSE_SEARCH
TRIAL=009 LEFT_CONTACT=0 RIGHT_CONTACT=0 STALL=0
TRIAL=009 LEFT_CONTACT=1 RIGHT_CONTACT=0 STALL=0
TRIAL=009 PHASE=WAIT_DUAL_CONTACT
TRIAL=009 PHASE=WAIT_STALL
TRIAL=009 LEFT_CONTACT=1 RIGHT_CONTACT=1 STALL=0 GRIPPER_ERROR=0.06290 VELOCITY=0.04061 CLOSURE_M=0.00051
TRIAL=009 LEFT_CONTACT=1 RIGHT_CONTACT=1 STALL=0 GRIPPER_ERROR=0.04357 VELOCITY=0.00854 CLOSURE_M=0.00110
TRIAL=009 LEFT_CONTACT=1 RIGHT_CONTACT=1 STALL=0 GRIPPER_ERROR=0.03748 VELOCITY=0.00543 CLOSURE_M=0.00129
TRIAL=009 LEFT_CONTACT=1 RIGHT_CONTACT=1 STALL=0 GRIPPER_ERROR=0.03284 VELOCITY=0.00462 CLOSURE_M=0.00144
TRIAL=009 PHASE=LIFT_80_MM
TRIAL=009 ACTUAL_LIFT_M=-0.00002 LEFT_CONTACT=1 RIGHT_CONTACT=1
TRIAL=009 ACTUAL_LIFT_M=0.02702 LEFT_CONTACT=1 RIGHT_CONTACT=1
TRIAL=009 ACTUAL_LIFT_M=0.05929 LEFT_CONTACT=1 RIGHT_CONTACT=1
TRIAL=009 PHASE=HOLD
TRIAL=009 HOLD_SIM_SEC=0.000 HOLD_WALL_SEC=0.000 ACTUAL_LIFT_M=0.07244 RELATIVE_SLIP_M=0.00000 LEFT_CONTACT=1 RIGHT_CONTACT=1
TRIAL=009 HOLD_SIM_SEC=0.900 HOLD_WALL_SEC=1.001 ACTUAL_LIFT_M=0.07536 RELATIVE_SLIP_M=0.00000 LEFT_CONTACT=1 RIGHT_CONTACT=1
TRIAL=009 HOLD_SIM_SEC=1.814 HOLD_WALL_SEC=2.001 ACTUAL_LIFT_M=0.07528 RELATIVE_SLIP_M=0.00000 LEFT_CONTACT=1 RIGHT_CONTACT=1
TRIAL=009 HOLD_SIM_SEC=2.752 HOLD_WALL_SEC=3.001 ACTUAL_LIFT_M=0.07519 RELATIVE_SLIP_M=0.00000 LEFT_CONTACT=1 RIGHT_CONTACT=1
TRIAL=009 HOLD_SIM_SEC=3.686 HOLD_WALL_SEC=4.001 ACTUAL_LIFT_M=0.07510 RELATIVE_SLIP_M=0.00000 LEFT_CONTACT=1 RIGHT_CONTACT=1
TRIAL=009 HOLD_SIM_SEC=4.588 HOLD_WALL_SEC=5.001 ACTUAL_LIFT_M=0.07503 RELATIVE_SLIP_M=0.00000 LEFT_CONTACT=1 RIGHT_CONTACT=1
TRIAL=009 PHASE=PLACE_DOWN
TRIAL=009 PHASE=OPEN_GRIPPER
TRIAL=009 PHASE=RETREAT_PREGRASP
TRIAL=009 PHASE=GRASP_SUCCESS
TRIAL=009 DAY5_PLACE_RELEASE=PASS
DAY4_GRASP_RESULT=SUCCESS
DAY4_STEP=1 EPISODE=009 STEP=04 DIST=0.005609 YAW_ERR_DEG=0.028 REQUESTED_MOVE=0.004947 EXECUTED_MOVE=0.004863 ATTEMPT=1 SUCCESS=1 TERMINATED=1 TRUNCATED=0
DAY7_EPISODE=9 LEVEL=L2 VALID=8/50 TECHNICAL=False SUCCESS=True REASON=
DAY4_RESET_GRIPPER=OPEN ANGLE_RAD=1.570000 EFFORT_NM=1.200000
DAY4_RESET_GRIPPER=AFTER_INITIAL_MOVE ANGLE_RAD=1.570000 EFFORT_NM=1.200000
DAY7_EPISODE=10 LEVEL=L2 VALID=8/50 TECHNICAL=True SUCCESS=False REASON=TechnicalFailure: Ignition create:  Service call timed out

DAY4_RESET_GRIPPER=OPEN ANGLE_RAD=1.570000 EFFORT_NM=1.200000
DAY4_RESET_GRIPPER=AFTER_INITIAL_MOVE ANGLE_RAD=1.570000 EFFORT_NM=1.200000
TRIAL=011 VISUAL_CENTER=[0.3175435811281204, -0.0022569503635168076, 0.025162244124453906] SURFACE=[0.3175435811281204, -0.0022569503635168076, 0.05016224412445391] CONTOUR_DEG=-0.04 AXIS_STD_DEG=0.12 FOOTPRINT=[0.05074780620634556, 0.05074780620634556] CONFIDENCE=0.9757
TRIAL=011 SELECTED_CONTOUR_ORIENTATION=+89.96deg TILT=25.1 LEAN=+1 SYMMETRY=1 IK_FK_POS_ERROR=0.000001m IK_FK_ORIENTATION_ERROR=0.000000rad FINGER_FK_LIFT=0.080000m FINGER_FK_DRIFT=0.000000m JOINT_MOTION=3.027033rad
DAY4_MOTION_DONE=1 ELAPSED_SIM=1.202 INITIAL_ERR=0.01616 FINAL_ERR=0.00024 ARM_V=0.00269
DAY4_STEP=1 EPISODE=011 STEP=01 DIST=0.020321 YAW_ERR_DEG=0.007 REQUESTED_MOVE=0.005001 EXECUTED_MOVE=0.004917 ATTEMPT=0 SUCCESS=0 TERMINATED=0 TRUNCATED=0
DAY4_MOTION_DONE=1 ELAPSED_SIM=1.200 INITIAL_ERR=0.01671 FINAL_ERR=0.00031 ARM_V=0.00343
DAY4_STEP=1 EPISODE=011 STEP=02 DIST=0.015440 YAW_ERR_DEG=0.014 REQUESTED_MOVE=0.004971 EXECUTED_MOVE=0.004874 ATTEMPT=0 SUCCESS=0 TERMINATED=0 TRUNCATED=0
DAY4_MOTION_DONE=1 ELAPSED_SIM=1.202 INITIAL_ERR=0.01692 FINAL_ERR=0.00028 ARM_V=0.00312
DAY4_STEP=1 EPISODE=011 STEP=03 DIST=0.010569 YAW_ERR_DEG=0.019 REQUESTED_MOVE=0.004960 EXECUTED_MOVE=0.004873 ATTEMPT=0 SUCCESS=0 TERMINATED=0 TRUNCATED=0
DAY4_MOTION_DONE=1 ELAPSED_SIM=1.202 INITIAL_ERR=0.01703 FINAL_ERR=0.00028 ARM_V=0.00315
DAY4_GRASP_ATTEMPT=1
TRIAL=011 PHASE=CLOSE_SEARCH
TRIAL=011 LEFT_CONTACT=0 RIGHT_CONTACT=0 STALL=0
TRIAL=011 LEFT_CONTACT=1 RIGHT_CONTACT=0 STALL=0
TRIAL=011 PHASE=WAIT_DUAL_CONTACT
TRIAL=011 PHASE=WAIT_STALL
TRIAL=011 LEFT_CONTACT=1 RIGHT_CONTACT=1 STALL=0 GRIPPER_ERROR=0.07081 VELOCITY=0.03764 CLOSURE_M=0.00027
TRIAL=011 LEFT_CONTACT=1 RIGHT_CONTACT=1 STALL=0 GRIPPER_ERROR=0.04907 VELOCITY=0.01388 CLOSURE_M=0.00093
TRIAL=011 LEFT_CONTACT=1 RIGHT_CONTACT=1 STALL=0 GRIPPER_ERROR=0.04109 VELOCITY=0.00624 CLOSURE_M=0.00117
TRIAL=011 LEFT_CONTACT=1 RIGHT_CONTACT=1 STALL=0 GRIPPER_ERROR=0.03595 VELOCITY=0.00486 CLOSURE_M=0.00133
TRIAL=011 LEFT_CONTACT=1 RIGHT_CONTACT=1 STALL=0 GRIPPER_ERROR=0.03177 VELOCITY=0.00452 CLOSURE_M=0.00146
TRIAL=011 PHASE=LIFT_80_MM
TRIAL=011 ACTUAL_LIFT_M=-0.00002 LEFT_CONTACT=1 RIGHT_CONTACT=1
TRIAL=011 ACTUAL_LIFT_M=0.02793 LEFT_CONTACT=1 RIGHT_CONTACT=1
TRIAL=011 ACTUAL_LIFT_M=0.06092 LEFT_CONTACT=1 RIGHT_CONTACT=1
TRIAL=011 PHASE=HOLD
TRIAL=011 HOLD_SIM_SEC=0.000 HOLD_WALL_SEC=0.000 ACTUAL_LIFT_M=0.07200 RELATIVE_SLIP_M=0.00000 LEFT_CONTACT=1 RIGHT_CONTACT=1
TRIAL=011 HOLD_SIM_SEC=0.880 HOLD_WALL_SEC=1.000 ACTUAL_LIFT_M=0.07542 RELATIVE_SLIP_M=0.00000 LEFT_CONTACT=1 RIGHT_CONTACT=1
TRIAL=011 HOLD_SIM_SEC=1.814 HOLD_WALL_SEC=2.001 ACTUAL_LIFT_M=0.07536 RELATIVE_SLIP_M=0.00000 LEFT_CONTACT=1 RIGHT_CONTACT=1
TRIAL=011 HOLD_SIM_SEC=2.778 HOLD_WALL_SEC=3.001 ACTUAL_LIFT_M=0.07528 RELATIVE_SLIP_M=0.00000 LEFT_CONTACT=1 RIGHT_CONTACT=1
TRIAL=011 HOLD_SIM_SEC=3.728 HOLD_WALL_SEC=4.001 ACTUAL_LIFT_M=0.07520 RELATIVE_SLIP_M=0.00000 LEFT_CONTACT=1 RIGHT_CONTACT=1
TRIAL=011 HOLD_SIM_SEC=4.674 HOLD_WALL_SEC=5.001 ACTUAL_LIFT_M=0.07512 RELATIVE_SLIP_M=0.00000 LEFT_CONTACT=1 RIGHT_CONTACT=1
TRIAL=011 PHASE=PLACE_DOWN
TRIAL=011 PHASE=OPEN_GRIPPER
TRIAL=011 PHASE=RETREAT_PREGRASP
TRIAL=011 PHASE=GRASP_SUCCESS
TRIAL=011 DAY5_PLACE_RELEASE=PASS
DAY4_GRASP_RESULT=SUCCESS
DAY4_STEP=1 EPISODE=011 STEP=04 DIST=0.005698 YAW_ERR_DEG=0.022 REQUESTED_MOVE=0.004952 EXECUTED_MOVE=0.004865 ATTEMPT=1 SUCCESS=1 TERMINATED=1 TRUNCATED=0
DAY7_EPISODE=11 LEVEL=L2 VALID=9/50 TECHNICAL=False SUCCESS=True REASON=
DAY4_RESET_GRIPPER=OPEN ANGLE_RAD=1.570000 EFFORT_NM=1.200000
DAY4_RESET_GRIPPER=AFTER_INITIAL_MOVE ANGLE_RAD=1.570000 EFFORT_NM=1.200000
TRIAL=012 VISUAL_CENTER=[0.3133164048194885, 0.010797569993883371, 0.02375052532294089] SURFACE=[0.3133164048194885, 0.010797569993883371, 0.04875052532294089] CONTOUR_DEG=-0.21 AXIS_STD_DEG=0.16 FOOTPRINT=[0.05070175230503082, 0.05070175230503082] CONFIDENCE=0.9723
TRIAL=012 SELECTED_CONTOUR_ORIENTATION=+89.79deg TILT=23.0 LEAN=+1 SYMMETRY=1 IK_FK_POS_ERROR=0.000006m IK_FK_ORIENTATION_ERROR=0.000000rad FINGER_FK_LIFT=0.080000m FINGER_FK_DRIFT=0.000000m JOINT_MOTION=3.026720rad
DAY4_MOTION_DONE=1 ELAPSED_SIM=1.202 INITIAL_ERR=0.01632 FINAL_ERR=0.00027 ARM_V=0.00302
DAY4_STEP=1 EPISODE=012 STEP=01 DIST=0.020308 YAW_ERR_DEG=0.004 REQUESTED_MOVE=0.005003 EXECUTED_MOVE=0.004912 ATTEMPT=0 SUCCESS=0 TERMINATED=0 TRUNCATED=0
DAY4_MOTION_DONE=1 ELAPSED_SIM=1.202 INITIAL_ERR=0.01692 FINAL_ERR=0.00028 ARM_V=0.00312
DAY4_STEP=1 EPISODE=012 STEP=02 DIST=0.015419 YAW_ERR_DEG=0.010 REQUESTED_MOVE=0.004970 EXECUTED_MOVE=0.004883 ATTEMPT=0 SUCCESS=0 TERMINATED=0 TRUNCATED=0
DAY4_MOTION_DONE=1 ELAPSED_SIM=1.202 INITIAL_ERR=0.01710 FINAL_ERR=0.00028 ARM_V=0.00316
DAY4_STEP=1 EPISODE=012 STEP=03 DIST=0.010548 YAW_ERR_DEG=0.014 REQUESTED_MOVE=0.004959 EXECUTED_MOVE=0.004872 ATTEMPT=0 SUCCESS=0 TERMINATED=0 TRUNCATED=0
DAY4_MOTION_DONE=1 ELAPSED_SIM=1.202 INITIAL_ERR=0.01717 FINAL_ERR=0.00029 ARM_V=0.00317
DAY4_GRASP_ATTEMPT=1
TRIAL=012 PHASE=CLOSE_SEARCH
TRIAL=012 LEFT_CONTACT=0 RIGHT_CONTACT=0 STALL=0
TRIAL=012 LEFT_CONTACT=1 RIGHT_CONTACT=0 STALL=0
TRIAL=012 PHASE=WAIT_DUAL_CONTACT
TRIAL=012 PHASE=WAIT_STALL
TRIAL=012 LEFT_CONTACT=1 RIGHT_CONTACT=1 STALL=0 GRIPPER_ERROR=0.07017 VELOCITY=0.04159 CLOSURE_M=0.00027
TRIAL=012 LEFT_CONTACT=1 RIGHT_CONTACT=1 STALL=0 GRIPPER_ERROR=0.04688 VELOCITY=0.01153 CLOSURE_M=0.00093
TRIAL=012 LEFT_CONTACT=1 RIGHT_CONTACT=1 STALL=0 GRIPPER_ERROR=0.03948 VELOCITY=0.00605 CLOSURE_M=0.00115
TRIAL=012 LEFT_CONTACT=1 RIGHT_CONTACT=1 STALL=0 GRIPPER_ERROR=0.03464 VELOCITY=0.00484 CLOSURE_M=0.00129
TRIAL=012 LEFT_CONTACT=1 RIGHT_CONTACT=1 STALL=0 GRIPPER_ERROR=0.03029 VELOCITY=0.00451 CLOSURE_M=0.00142
TRIAL=012 PHASE=LIFT_80_MM
TRIAL=012 ACTUAL_LIFT_M=-0.00002 LEFT_CONTACT=1 RIGHT_CONTACT=1
TRIAL=012 ACTUAL_LIFT_M=0.02739 LEFT_CONTACT=1 RIGHT_CONTACT=1
TRIAL=012 ACTUAL_LIFT_M=0.05969 LEFT_CONTACT=1 RIGHT_CONTACT=1
TRIAL=012 PHASE=HOLD
TRIAL=012 HOLD_SIM_SEC=0.000 HOLD_WALL_SEC=0.000 ACTUAL_LIFT_M=0.07216 RELATIVE_SLIP_M=0.00000 LEFT_CONTACT=1 RIGHT_CONTACT=1
TRIAL=012 HOLD_SIM_SEC=0.842 HOLD_WALL_SEC=1.001 ACTUAL_LIFT_M=0.07545 RELATIVE_SLIP_M=0.00000 LEFT_CONTACT=1 RIGHT_CONTACT=1
TRIAL=012 HOLD_SIM_SEC=1.788 HOLD_WALL_SEC=2.001 ACTUAL_LIFT_M=0.07538 RELATIVE_SLIP_M=0.00000 LEFT_CONTACT=1 RIGHT_CONTACT=1
TRIAL=012 HOLD_SIM_SEC=2.726 HOLD_WALL_SEC=3.001 ACTUAL_LIFT_M=0.07530 RELATIVE_SLIP_M=0.00000 LEFT_CONTACT=1 RIGHT_CONTACT=1
TRIAL=012 HOLD_SIM_SEC=3.670 HOLD_WALL_SEC=4.001 ACTUAL_LIFT_M=0.07521 RELATIVE_SLIP_M=0.00000 LEFT_CONTACT=1 RIGHT_CONTACT=1
TRIAL=012 HOLD_SIM_SEC=4.598 HOLD_WALL_SEC=5.002 ACTUAL_LIFT_M=0.07512 RELATIVE_SLIP_M=0.00000 LEFT_CONTACT=1 RIGHT_CONTACT=1
TRIAL=012 PHASE=PLACE_DOWN
TRIAL=012 PHASE=OPEN_GRIPPER
TRIAL=012 PHASE=RETREAT_PREGRASP
TRIAL=012 PHASE=GRASP_SUCCESS
TRIAL=012 DAY5_PLACE_RELEASE=PASS
DAY4_GRASP_RESULT=SUCCESS
DAY4_STEP=1 EPISODE=012 STEP=04 DIST=0.005686 YAW_ERR_DEG=0.017 REQUESTED_MOVE=0.004951 EXECUTED_MOVE=0.004865 ATTEMPT=1 SUCCESS=1 TERMINATED=1 TRUNCATED=0
DAY7_EPISODE=12 LEVEL=L2 VALID=10/50 TECHNICAL=False SUCCESS=True REASON=
DAY4_RESET_GRIPPER=OPEN ANGLE_RAD=1.570000 EFFORT_NM=1.200000
DAY4_RESET_GRIPPER=AFTER_INITIAL_MOVE ANGLE_RAD=1.570000 EFFORT_NM=1.200000
TRIAL=013 VISUAL_CENTER=[0.3094853460788727, 0.012116012163460255, 0.024975472600043923] SURFACE=[0.3094853460788727, 0.012116012163460255, 0.049975472600043924] CONTOUR_DEG=-0.06 AXIS_STD_DEG=0.17 FOOTPRINT=[0.049903858453035355, 0.049903858453035355] CONFIDENCE=0.9667
TRIAL=013 SELECTED_CONTOUR_ORIENTATION=+89.94deg TILT=21.3 LEAN=+1 SYMMETRY=1 IK_FK_POS_ERROR=0.000006m IK_FK_ORIENTATION_ERROR=0.000000rad FINGER_FK_LIFT=0.080000m FINGER_FK_DRIFT=0.000000m JOINT_MOTION=3.012627rad
DAY4_MOTION_DONE=1 ELAPSED_SIM=1.202 INITIAL_ERR=0.01653 FINAL_ERR=0.00028 ARM_V=0.00306
DAY4_STEP=1 EPISODE=013 STEP=01 DIST=0.020280 YAW_ERR_DEG=0.004 REQUESTED_MOVE=0.005000 EXECUTED_MOVE=0.004910 ATTEMPT=0 SUCCESS=0 TERMINATED=0 TRUNCATED=0
DAY4_MOTION_DONE=1 ELAPSED_SIM=1.202 INITIAL_ERR=0.01700 FINAL_ERR=0.00025 ARM_V=0.00283
DAY4_STEP=1 EPISODE=013 STEP=02 DIST=0.015390 YAW_ERR_DEG=0.010 REQUESTED_MOVE=0.004970 EXECUTED_MOVE=0.004891 ATTEMPT=0 SUCCESS=0 TERMINATED=0 TRUNCATED=0
DAY4_MOTION_DONE=1 ELAPSED_SIM=1.202 INITIAL_ERR=0.01716 FINAL_ERR=0.00026 ARM_V=0.00285
DAY4_STEP=1 EPISODE=013 STEP=03 DIST=0.010510 YAW_ERR_DEG=0.015 REQUESTED_MOVE=0.004958 EXECUTED_MOVE=0.004881 ATTEMPT=0 SUCCESS=0 TERMINATED=0 TRUNCATED=0
DAY4_MOTION_DONE=1 ELAPSED_SIM=1.202 INITIAL_ERR=0.01723 FINAL_ERR=0.00023 ARM_V=0.00258
DAY4_GRASP_ATTEMPT=1
TRIAL=013 PHASE=CLOSE_SEARCH
TRIAL=013 LEFT_CONTACT=0 RIGHT_CONTACT=0 STALL=0
TRIAL=013 LEFT_CONTACT=1 RIGHT_CONTACT=0 STALL=0
TRIAL=013 PHASE=WAIT_DUAL_CONTACT
TRIAL=013 PHASE=WAIT_STALL
TRIAL=013 LEFT_CONTACT=1 RIGHT_CONTACT=1 STALL=0 GRIPPER_ERROR=0.06993 VELOCITY=0.04334 CLOSURE_M=0.00028
TRIAL=013 LEFT_CONTACT=1 RIGHT_CONTACT=1 STALL=0 GRIPPER_ERROR=0.04670 VELOCITY=0.01498 CLOSURE_M=0.00094
TRIAL=013 LEFT_CONTACT=1 RIGHT_CONTACT=1 STALL=0 GRIPPER_ERROR=0.03841 VELOCITY=0.00768 CLOSURE_M=0.00118
TRIAL=013 LEFT_CONTACT=1 RIGHT_CONTACT=1 STALL=0 GRIPPER_ERROR=0.03319 VELOCITY=0.00539 CLOSURE_M=0.00134
TRIAL=013 LEFT_CONTACT=1 RIGHT_CONTACT=1 STALL=0 GRIPPER_ERROR=0.02931 VELOCITY=0.00469 CLOSURE_M=0.00145
TRIAL=013 PHASE=LIFT_80_MM
TRIAL=013 ACTUAL_LIFT_M=-0.00002 LEFT_CONTACT=1 RIGHT_CONTACT=1
TRIAL=013 ACTUAL_LIFT_M=0.02413 LEFT_CONTACT=1 RIGHT_CONTACT=1
TRIAL=013 ACTUAL_LIFT_M=0.05278 LEFT_CONTACT=1 RIGHT_CONTACT=1
TRIAL=013 PHASE=HOLD
TRIAL=013 HOLD_SIM_SEC=0.000 HOLD_WALL_SEC=0.001 ACTUAL_LIFT_M=0.07201 RELATIVE_SLIP_M=0.00000 LEFT_CONTACT=1 RIGHT_CONTACT=1
TRIAL=013 HOLD_SIM_SEC=0.880 HOLD_WALL_SEC=1.001 ACTUAL_LIFT_M=0.07501 RELATIVE_SLIP_M=0.00028 LEFT_CONTACT=1 RIGHT_CONTACT=1
TRIAL=013 HOLD_SIM_SEC=1.810 HOLD_WALL_SEC=2.001 ACTUAL_LIFT_M=0.07495 RELATIVE_SLIP_M=0.00028 LEFT_CONTACT=1 RIGHT_CONTACT=1
TRIAL=013 HOLD_SIM_SEC=2.718 HOLD_WALL_SEC=3.001 ACTUAL_LIFT_M=0.07486 RELATIVE_SLIP_M=0.00028 LEFT_CONTACT=1 RIGHT_CONTACT=1
TRIAL=013 HOLD_SIM_SEC=3.630 HOLD_WALL_SEC=4.002 ACTUAL_LIFT_M=0.07478 RELATIVE_SLIP_M=0.00028 LEFT_CONTACT=1 RIGHT_CONTACT=1
TRIAL=013 HOLD_SIM_SEC=4.570 HOLD_WALL_SEC=5.002 ACTUAL_LIFT_M=0.07469 RELATIVE_SLIP_M=0.00028 LEFT_CONTACT=1 RIGHT_CONTACT=1
TRIAL=013 PHASE=PLACE_DOWN
TRIAL=013 PHASE=OPEN_GRIPPER
TRIAL=013 PHASE=RETREAT_PREGRASP
TRIAL=013 PHASE=GRASP_SUCCESS
TRIAL=013 DAY5_PLACE_RELEASE=PASS
DAY4_GRASP_RESULT=SUCCESS
DAY4_STEP=1 EPISODE=013 STEP=04 DIST=0.005633 YAW_ERR_DEG=0.019 REQUESTED_MOVE=0.004950 EXECUTED_MOVE=0.004880 ATTEMPT=1 SUCCESS=1 TERMINATED=1 TRUNCATED=0
DAY7_EPISODE=13 LEVEL=L2 VALID=11/50 TECHNICAL=False SUCCESS=True REASON=
DAY4_RESET_GRIPPER=OPEN ANGLE_RAD=1.570000 EFFORT_NM=1.200000
DAY4_RESET_GRIPPER=AFTER_INITIAL_MOVE ANGLE_RAD=1.570000 EFFORT_NM=1.200000
DAY7_EPISODE=14 LEVEL=L2 VALID=11/50 TECHNICAL=True SUCCESS=False REASON=TestFailure: RESET_FAIL: Day4 reset failed after 1 attempts: RESET_FAIL: ign set_pose did not return true
DAY4_RESET_GRIPPER=OPEN ANGLE_RAD=1.570000 EFFORT_NM=1.200000
DAY4_RESET_GRIPPER=AFTER_INITIAL_MOVE ANGLE_RAD=1.570000 EFFORT_NM=1.200000
DAY7_EPISODE=15 LEVEL=L2 VALID=11/50 TECHNICAL=True SUCCESS=False REASON=TestFailure: RESET_FAIL: Day4 reset failed after 1 attempts: RESET_FAIL: ign set_pose did not return true
DAY4_RESET_GRIPPER=OPEN ANGLE_RAD=1.570000 EFFORT_NM=1.200000
DAY4_RESET_GRIPPER=AFTER_INITIAL_MOVE ANGLE_RAD=1.570000 EFFORT_NM=1.200000
DAY7_EPISODE=16 LEVEL=L2 VALID=11/50 TECHNICAL=True SUCCESS=False REASON=TechnicalFailure: Ignition remove:  Service call timed out

