/usr/lib/python3/dist-packages/scipy/__init__.py:146: UserWarning: A NumPy version >=1.17.3 and <1.25.0 is required for this version of SciPy (detected version 1.26.4
  warnings.warn(f"A NumPy version >={np_minversion} and <{np_maxversion}"
TRIAL=000 PHASE=CHECK_INTERFACES
DAY4_RESET_GRIPPER=OPEN ANGLE_RAD=1.570000 EFFORT_NM=1.200000
DAY4_RESET_GRIPPER=AFTER_INITIAL_MOVE ANGLE_RAD=1.570000 EFFORT_NM=1.200000
TRIAL=001 VISUAL_CENTER=[0.29667043685913086, -0.01967667043209076, 0.028953777785996608] SURFACE=[0.29667043685913086, -0.01967667043209076, 0.05395377778599661] CONTOUR_DEG=-0.13 AXIS_STD_DEG=0.14 FOOTPRINT=[0.05061473697423935, 0.05061473697423935] CONFIDENCE=0.9608
TRIAL=001 SELECTED_CONTOUR_ORIENTATION=+89.87deg TILT=15.9 LEAN=+1 SYMMETRY=1 IK_FK_POS_ERROR=0.000007m IK_FK_ORIENTATION_ERROR=0.000000rad FINGER_FK_LIFT=0.080000m FINGER_FK_DRIFT=0.000000m JOINT_MOTION=2.992342rad
DAY4_MOTION_DONE=1 ELAPSED_SIM=1.200 INITIAL_ERR=0.01698 FINAL_ERR=0.00039 ARM_V=0.00431
DAY4_STEP=1 EPISODE=001 STEP=01 DIST=0.020289 YAW_ERR_DEG=0.010 REQUESTED_MOVE=0.005007 EXECUTED_MOVE=0.004886 ATTEMPT=0 SUCCESS=0 TERMINATED=0 TRUNCATED=0
DAY4_MOTION_DONE=1 ELAPSED_SIM=1.200 INITIAL_ERR=0.01736 FINAL_ERR=0.00039 ARM_V=0.00437
DAY4_STEP=1 EPISODE=001 STEP=02 DIST=0.015438 YAW_ERR_DEG=0.018 REQUESTED_MOVE=0.004969 EXECUTED_MOVE=0.004853 ATTEMPT=0 SUCCESS=0 TERMINATED=0 TRUNCATED=0
DAY4_MOTION_DONE=1 ELAPSED_SIM=1.202 INITIAL_ERR=0.01749 FINAL_ERR=0.00040 ARM_V=0.00441
DAY4_STEP=1 EPISODE=001 STEP=03 DIST=0.010598 YAW_ERR_DEG=0.024 REQUESTED_MOVE=0.004956 EXECUTED_MOVE=0.004841 ATTEMPT=0 SUCCESS=0 TERMINATED=0 TRUNCATED=0
DAY4_MOTION_DONE=1 ELAPSED_SIM=1.200 INITIAL_ERR=0.01754 FINAL_ERR=0.00036 ARM_V=0.00398
DAY4_GRASP_ATTEMPT=1
TRIAL=001 PHASE=CLOSE_SEARCH
TRIAL=001 LEFT_CONTACT=0 RIGHT_CONTACT=0 STALL=0
TRIAL=001 LEFT_CONTACT=1 RIGHT_CONTACT=0 STALL=0
TRIAL=001 PHASE=WAIT_DUAL_CONTACT
TRIAL=001 PHASE=WAIT_STALL
TRIAL=001 LEFT_CONTACT=1 RIGHT_CONTACT=1 STALL=0 GRIPPER_ERROR=0.05551 VELOCITY=0.14829 CLOSURE_M=0.00072
TRIAL=001 LEFT_CONTACT=1 RIGHT_CONTACT=1 STALL=0 GRIPPER_ERROR=0.04281 VELOCITY=0.00881 CLOSURE_M=0.00111
TRIAL=001 LEFT_CONTACT=1 RIGHT_CONTACT=1 STALL=0 GRIPPER_ERROR=0.03690 VELOCITY=0.00514 CLOSURE_M=0.00129
TRIAL=001 LEFT_CONTACT=1 RIGHT_CONTACT=1 STALL=0 GRIPPER_ERROR=0.03239 VELOCITY=0.00452 CLOSURE_M=0.00143
TRIAL=001 PHASE=LIFT_80_MM
TRIAL=001 ACTUAL_LIFT_M=-0.00002 LEFT_CONTACT=1 RIGHT_CONTACT=1
TRIAL=001 ACTUAL_LIFT_M=0.02634 LEFT_CONTACT=1 RIGHT_CONTACT=1
TRIAL=001 ACTUAL_LIFT_M=0.05841 LEFT_CONTACT=1 RIGHT_CONTACT=1
TRIAL=001 PHASE=HOLD
TRIAL=001 HOLD_SIM_SEC=0.000 HOLD_WALL_SEC=0.000 ACTUAL_LIFT_M=0.07150 RELATIVE_SLIP_M=0.00000 LEFT_CONTACT=1 RIGHT_CONTACT=1
TRIAL=001 HOLD_SIM_SEC=0.898 HOLD_WALL_SEC=1.001 ACTUAL_LIFT_M=0.07494 RELATIVE_SLIP_M=0.00000 LEFT_CONTACT=1 RIGHT_CONTACT=1
TRIAL=001 HOLD_SIM_SEC=1.826 HOLD_WALL_SEC=2.001 ACTUAL_LIFT_M=0.07485 RELATIVE_SLIP_M=0.00000 LEFT_CONTACT=1 RIGHT_CONTACT=1
TRIAL=001 HOLD_SIM_SEC=2.762 HOLD_WALL_SEC=3.001 ACTUAL_LIFT_M=0.07476 RELATIVE_SLIP_M=0.00000 LEFT_CONTACT=1 RIGHT_CONTACT=1
TRIAL=001 HOLD_SIM_SEC=3.696 HOLD_WALL_SEC=4.001 ACTUAL_LIFT_M=0.07467 RELATIVE_SLIP_M=0.00000 LEFT_CONTACT=1 RIGHT_CONTACT=1
TRIAL=001 HOLD_SIM_SEC=4.652 HOLD_WALL_SEC=5.001 ACTUAL_LIFT_M=0.07460 RELATIVE_SLIP_M=0.00000 LEFT_CONTACT=1 RIGHT_CONTACT=1
TRIAL=001 PHASE=PLACE_DOWN
TRIAL=001 PHASE=OPEN_GRIPPER
TRIAL=001 PHASE=RETREAT_PREGRASP
TRIAL=001 PHASE=GRASP_SUCCESS
TRIAL=001 DAY5_PLACE_RELEASE=PASS
DAY4_GRASP_RESULT=SUCCESS
DAY4_STEP=1 EPISODE=001 STEP=04 DIST=0.005757 YAW_ERR_DEG=0.029 REQUESTED_MOVE=0.004948 EXECUTED_MOVE=0.004844 ATTEMPT=1 SUCCESS=1 TERMINATED=1 TRUNCATED=0
DAY7_EPISODE=1 LEVEL=L2 VALID=1/1 TECHNICAL=False SUCCESS=True REASON=
