/usr/lib/python3/dist-packages/scipy/__init__.py:146: UserWarning: A NumPy version >=1.17.3 and <1.25.0 is required for this version of SciPy (detected version 1.26.4
  warnings.warn(f"A NumPy version >={np_minversion} and <{np_maxversion}"
TRIAL=000 PHASE=CHECK_INTERFACES
DAY4_RESET_GRIPPER=OPEN ANGLE_RAD=1.570000 EFFORT_NM=1.200000
DAY4_RESET_GRIPPER=AFTER_INITIAL_MOVE ANGLE_RAD=1.570000 EFFORT_NM=1.200000
TRIAL=001 VISUAL_CENTER=[0.30341674387454987, 0.005521070212125778, 0.0253483849374126] SURFACE=[0.30341674387454987, 0.005521070212125778, 0.0503483849374126] CONTOUR_DEG=0.00 AXIS_STD_DEG=0.00 FOOTPRINT=[0.04997512698173523, 0.04997512698173523] CONFIDENCE=0.9755
TRIAL=001 SELECTED_CONTOUR_ORIENTATION=+90.00deg TILT=18.4 LEAN=+1 SYMMETRY=1 IK_FK_POS_ERROR=0.000002m IK_FK_ORIENTATION_ERROR=0.000000rad FINGER_FK_LIFT=0.080000m FINGER_FK_DRIFT=0.000000m JOINT_MOTION=3.004917rad
DAY4_MOTION_DONE=1 ELAPSED_SIM=1.202 INITIAL_ERR=0.01679 FINAL_ERR=0.00023 ARM_V=0.00252
DAY4_STEP=1 EPISODE=001 STEP=01 DIST=0.020243 YAW_ERR_DEG=0.006 REQUESTED_MOVE=0.005002 EXECUTED_MOVE=0.004929 ATTEMPT=0 SUCCESS=0 TERMINATED=0 TRUNCATED=0
DAY4_MOTION_DONE=1 ELAPSED_SIM=1.202 INITIAL_ERR=0.01724 FINAL_ERR=0.00026 ARM_V=0.00287
DAY4_STEP=1 EPISODE=001 STEP=02 DIST=0.015346 YAW_ERR_DEG=0.013 REQUESTED_MOVE=0.004969 EXECUTED_MOVE=0.004891 ATTEMPT=0 SUCCESS=0 TERMINATED=0 TRUNCATED=0
DAY4_MOTION_DONE=1 ELAPSED_SIM=1.202 INITIAL_ERR=0.01737 FINAL_ERR=0.00026 ARM_V=0.00289
DAY4_STEP=1 EPISODE=001 STEP=03 DIST=0.010460 YAW_ERR_DEG=0.018 REQUESTED_MOVE=0.004957 EXECUTED_MOVE=0.004880 ATTEMPT=0 SUCCESS=0 TERMINATED=0 TRUNCATED=0
DAY4_MOTION_DONE=1 ELAPSED_SIM=1.200 INITIAL_ERR=0.01743 FINAL_ERR=0.00026 ARM_V=0.00290
DAY4_GRASP_ATTEMPT=1
TRIAL=001 PHASE=CLOSE_SEARCH
TRIAL=001 LEFT_CONTACT=0 RIGHT_CONTACT=0 STALL=0
TRIAL=001 LEFT_CONTACT=0 RIGHT_CONTACT=0 STALL=0
TRIAL=001 PHASE=WAIT_DUAL_CONTACT
TRIAL=001 PHASE=WAIT_STALL
TRIAL=001 LEFT_CONTACT=1 RIGHT_CONTACT=1 STALL=0 GRIPPER_ERROR=0.07458 VELOCITY=0.04457 CLOSURE_M=0.00016
TRIAL=001 LEFT_CONTACT=1 RIGHT_CONTACT=1 STALL=0 GRIPPER_ERROR=0.04678 VELOCITY=0.01722 CLOSURE_M=0.00100
TRIAL=001 LEFT_CONTACT=1 RIGHT_CONTACT=1 STALL=0 GRIPPER_ERROR=0.03828 VELOCITY=0.00661 CLOSURE_M=0.00127
TRIAL=001 LEFT_CONTACT=1 RIGHT_CONTACT=1 STALL=0 GRIPPER_ERROR=0.03292 VELOCITY=0.00495 CLOSURE_M=0.00144
TRIAL=001 PHASE=LIFT_80_MM
TRIAL=001 ACTUAL_LIFT_M=-0.00006 LEFT_CONTACT=1 RIGHT_CONTACT=1
TRIAL=001 ACTUAL_LIFT_M=0.02807 LEFT_CONTACT=1 RIGHT_CONTACT=1
TRIAL=001 ACTUAL_LIFT_M=0.06031 LEFT_CONTACT=1 RIGHT_CONTACT=1
TRIAL=001 PHASE=HOLD
TRIAL=001 HOLD_SIM_SEC=0.000 HOLD_WALL_SEC=0.000 ACTUAL_LIFT_M=0.07207 RELATIVE_SLIP_M=0.00000 LEFT_CONTACT=1 RIGHT_CONTACT=1
TRIAL=001 HOLD_SIM_SEC=0.880 HOLD_WALL_SEC=1.000 ACTUAL_LIFT_M=0.07527 RELATIVE_SLIP_M=0.00015 LEFT_CONTACT=1 RIGHT_CONTACT=1
TRIAL=001 HOLD_SIM_SEC=1.812 HOLD_WALL_SEC=2.001 ACTUAL_LIFT_M=0.07521 RELATIVE_SLIP_M=0.00015 LEFT_CONTACT=1 RIGHT_CONTACT=1
TRIAL=001 HOLD_SIM_SEC=2.758 HOLD_WALL_SEC=3.001 ACTUAL_LIFT_M=0.07513 RELATIVE_SLIP_M=0.00015 LEFT_CONTACT=1 RIGHT_CONTACT=1
TRIAL=001 HOLD_SIM_SEC=3.698 HOLD_WALL_SEC=4.001 ACTUAL_LIFT_M=0.07504 RELATIVE_SLIP_M=0.00015 LEFT_CONTACT=1 RIGHT_CONTACT=1
TRIAL=001 HOLD_SIM_SEC=4.608 HOLD_WALL_SEC=5.001 ACTUAL_LIFT_M=0.07496 RELATIVE_SLIP_M=0.00015 LEFT_CONTACT=1 RIGHT_CONTACT=1
TRIAL=001 PHASE=PLACE_DOWN
TRIAL=001 PHASE=OPEN_GRIPPER
TRIAL=001 PHASE=RETREAT_PREGRASP
TRIAL=001 PHASE=GRASP_SUCCESS
TRIAL=001 DAY5_PLACE_RELEASE=PASS
DAY4_GRASP_RESULT=SUCCESS
DAY4_STEP=1 EPISODE=001 STEP=04 DIST=0.005590 YAW_ERR_DEG=0.021 REQUESTED_MOVE=0.004949 EXECUTED_MOVE=0.004872 ATTEMPT=1 SUCCESS=1 TERMINATED=1 TRUNCATED=0
DAY7_EPISODE=1 LEVEL=L0 VALID=1/1 TECHNICAL=False SUCCESS=True REASON=
