/usr/lib/python3/dist-packages/scipy/__init__.py:146: UserWarning: A NumPy version >=1.17.3 and <1.25.0 is required for this version of SciPy (detected version 1.26.4
  warnings.warn(f"A NumPy version >={np_minversion} and <{np_maxversion}"
TRIAL=000 PHASE=CHECK_INTERFACES
DAY4_RESET_GRIPPER=OPEN ANGLE_RAD=1.570000 EFFORT_NM=1.200000
DAY4_RESET_GRIPPER=AFTER_INITIAL_MOVE ANGLE_RAD=1.570000 EFFORT_NM=1.200000
TRIAL=001 VISUAL_CENTER=[0.28109167516231537, -0.02070000395178795, 0.02179526094400531] SURFACE=[0.28109167516231537, -0.02070000395178795, 0.04679526094400531] CONTOUR_DEG=-0.09 AXIS_STD_DEG=0.10 FOOTPRINT=[0.0493201557546854, 0.0493201557546854] CONFIDENCE=0.9264
TRIAL=001 SELECTED_CONTOUR_ORIENTATION=+89.91deg TILT=8.2 LEAN=+1 SYMMETRY=1 IK_FK_POS_ERROR=0.000004m IK_FK_ORIENTATION_ERROR=0.000000rad FINGER_FK_LIFT=0.080000m FINGER_FK_DRIFT=0.000000m JOINT_MOTION=3.018983rad
DAY4_MOTION_DONE=1 ELAPSED_SIM=1.202 INITIAL_ERR=0.01799 FINAL_ERR=0.00033 ARM_V=0.00370
DAY4_STEP=1 EPISODE=001 STEP=01 DIST=0.020161 YAW_ERR_DEG=0.009 REQUESTED_MOVE=0.005000 EXECUTED_MOVE=0.004905 ATTEMPT=0 SUCCESS=0 TERMINATED=0 TRUNCATED=0
DAY4_MOTION_DONE=1 ELAPSED_SIM=1.202 INITIAL_ERR=0.01813 FINAL_ERR=0.00033 ARM_V=0.00371
DAY4_STEP=1 EPISODE=001 STEP=02 DIST=0.015289 YAW_ERR_DEG=0.017 REQUESTED_MOVE=0.004966 EXECUTED_MOVE=0.004874 ATTEMPT=0 SUCCESS=0 TERMINATED=0 TRUNCATED=0
DAY4_MOTION_DONE=1 ELAPSED_SIM=1.200 INITIAL_ERR=0.01816 FINAL_ERR=0.00037 ARM_V=0.00413
DAY4_STEP=1 EPISODE=001 STEP=03 DIST=0.010438 YAW_ERR_DEG=0.023 REQUESTED_MOVE=0.004953 EXECUTED_MOVE=0.004851 ATTEMPT=0 SUCCESS=0 TERMINATED=0 TRUNCATED=0
DAY4_MOTION_DONE=1 ELAPSED_SIM=1.202 INITIAL_ERR=0.01811 FINAL_ERR=0.00041 ARM_V=0.00458
DAY4_GRASP_ATTEMPT=1
TRIAL=001 PHASE=CLOSE_SEARCH
TRIAL=001 LEFT_CONTACT=0 RIGHT_CONTACT=0 STALL=0
TRIAL=001 LEFT_CONTACT=0 RIGHT_CONTACT=1 STALL=0
TRIAL=001 PHASE=WAIT_DUAL_CONTACT
TRIAL=001 PHASE=WAIT_STALL
TRIAL=001 LEFT_CONTACT=1 RIGHT_CONTACT=1 STALL=0 GRIPPER_ERROR=0.05558 VELOCITY=0.03554 CLOSURE_M=0.00073
TRIAL=001 LEFT_CONTACT=1 RIGHT_CONTACT=1 STALL=0 GRIPPER_ERROR=0.04073 VELOCITY=0.00604 CLOSURE_M=0.00120
TRIAL=001 LEFT_CONTACT=1 RIGHT_CONTACT=1 STALL=0 GRIPPER_ERROR=0.03545 VELOCITY=0.00492 CLOSURE_M=0.00136
TRIAL=001 LEFT_CONTACT=1 RIGHT_CONTACT=1 STALL=0 GRIPPER_ERROR=0.03113 VELOCITY=0.00449 CLOSURE_M=0.00150
TRIAL=001 PHASE=LIFT_80_MM
TRIAL=001 ACTUAL_LIFT_M=-0.00002 LEFT_CONTACT=1 RIGHT_CONTACT=1
TRIAL=001 ACTUAL_LIFT_M=0.02655 LEFT_CONTACT=1 RIGHT_CONTACT=1
TRIAL=001 ACTUAL_LIFT_M=0.05867 LEFT_CONTACT=1 RIGHT_CONTACT=1
TRIAL=001 PHASE=HOLD
TRIAL=001 HOLD_SIM_SEC=0.000 HOLD_WALL_SEC=0.000 ACTUAL_LIFT_M=0.07238 RELATIVE_SLIP_M=0.00000 LEFT_CONTACT=1 RIGHT_CONTACT=1
TRIAL=001 HOLD_SIM_SEC=0.880 HOLD_WALL_SEC=1.001 ACTUAL_LIFT_M=0.07503 RELATIVE_SLIP_M=0.00025 LEFT_CONTACT=1 RIGHT_CONTACT=1
TRIAL=001 HOLD_SIM_SEC=1.812 HOLD_WALL_SEC=2.001 ACTUAL_LIFT_M=0.07495 RELATIVE_SLIP_M=0.00025 LEFT_CONTACT=1 RIGHT_CONTACT=1
TRIAL=001 HOLD_SIM_SEC=2.752 HOLD_WALL_SEC=3.001 ACTUAL_LIFT_M=0.07485 RELATIVE_SLIP_M=0.00025 LEFT_CONTACT=1 RIGHT_CONTACT=1
TRIAL=001 HOLD_SIM_SEC=3.700 HOLD_WALL_SEC=4.001 ACTUAL_LIFT_M=0.07477 RELATIVE_SLIP_M=0.00025 LEFT_CONTACT=1 RIGHT_CONTACT=1
TRIAL=001 HOLD_SIM_SEC=4.654 HOLD_WALL_SEC=5.002 ACTUAL_LIFT_M=0.07471 RELATIVE_SLIP_M=0.00025 LEFT_CONTACT=1 RIGHT_CONTACT=1
TRIAL=001 PHASE=PLACE_DOWN
TRIAL=001 PHASE=OPEN_GRIPPER
TRIAL=001 PHASE=RETREAT_PREGRASP
TRIAL=001 PHASE=GRASP_SUCCESS
TRIAL=001 DAY5_PLACE_RELEASE=PASS
DAY4_GRASP_RESULT=SUCCESS
DAY4_STEP=1 EPISODE=001 STEP=04 DIST=0.005610 YAW_ERR_DEG=0.028 REQUESTED_MOVE=0.004944 EXECUTED_MOVE=0.004832 ATTEMPT=1 SUCCESS=1 TERMINATED=1 TRUNCATED=0
DAY7_EPISODE=1 LEVEL=L3 VALID=1/1 TECHNICAL=False SUCCESS=True REASON=
