[INFO] [launch]: All log files can be found below /home/ubuntu/ros2_ws/day7/runtime/logs/ros/2026-09-13-00-48-52-915022-ubuntu-virtual-machine-76256
[INFO] [launch]: Default logging verbosity is set to INFO
[INFO] [move_group-1]: process started with pid [76264]
[move_group-1] [0m[INFO] [1789231733.186317560] [moveit_rdf_loader.rdf_loader]: Loaded robot model in 0.0250196 seconds[0m
[move_group-1] [0m[INFO] [1789231733.186413676] [moveit_robot_model.robot_model]: Loading robot model 'robot'...[0m
[move_group-1] [33m[WARN] [1789231733.206021937] [moveit_robot_model.robot_model]: Link base_balck_link has visual geometry but no collision geometry. Collision geometry will be left empty. Fix your URDF file by explicitly specifying collision geometry.[0m
[move_group-1] [33m[WARN] [1789231733.206411647] [moveit_robot_model.robot_model]: Link base_screen_link has visual geometry but no collision geometry. Collision geometry will be left empty. Fix your URDF file by explicitly specifying collision geometry.[0m
[move_group-1] [33m[WARN] [1789231733.206589124] [moveit_robot_model.robot_model]: Link base_white_link has visual geometry but no collision geometry. Collision geometry will be left empty. Fix your URDF file by explicitly specifying collision geometry.[0m
[move_group-1] [33m[WARN] [1789231733.217460059] [moveit_robot_model.robot_model]: Link depth_cam_frame has visual geometry but no collision geometry. Collision geometry will be left empty. Fix your URDF file by explicitly specifying collision geometry.[0m
[move_group-1] [0m[INFO] [1789231733.318447090] [moveit_ros.planning_scene_monitor.planning_scene_monitor]: Publishing maintained planning scene on 'monitored_planning_scene'[0m
[move_group-1] [0m[INFO] [1789231733.319039152] [moveit.ros_planning_interface.moveit_cpp]: Listening to 'joint_states' for joint states[0m
[move_group-1] [0m[INFO] [1789231733.319939491] [moveit_ros.current_state_monitor]: Listening to joint states on topic 'joint_states'[0m
[move_group-1] [0m[INFO] [1789231733.320584070] [moveit_ros.planning_scene_monitor.planning_scene_monitor]: Listening to '/attached_collision_object' for attached collision objects[0m
[move_group-1] [0m[INFO] [1789231733.320596708] [moveit_ros.planning_scene_monitor.planning_scene_monitor]: Starting planning scene monitor[0m
[move_group-1] [0m[INFO] [1789231733.321133205] [moveit_ros.planning_scene_monitor.planning_scene_monitor]: Listening to '/planning_scene'[0m
[move_group-1] [0m[INFO] [1789231733.321145114] [moveit_ros.planning_scene_monitor.planning_scene_monitor]: Starting world geometry update monitor for collision objects, attached objects, octomap updates.[0m
[move_group-1] [0m[INFO] [1789231733.321607006] [moveit_ros.planning_scene_monitor.planning_scene_monitor]: Listening to 'collision_object'[0m
[move_group-1] [0m[INFO] [1789231733.322089693] [moveit_ros.planning_scene_monitor.planning_scene_monitor]: Listening to 'planning_scene_world' for planning scene world geometry[0m
[move_group-1] [33m[WARN] [1789231733.322170695] [moveit.ros.occupancy_map_monitor.middleware_handle]: Resolution not specified for Octomap. Assuming resolution = 0.1 instead[0m
[move_group-1] [31m[ERROR] [1789231733.322178336] [moveit.ros.occupancy_map_monitor.middleware_handle]: No 3D sensor plugin(s) defined for octomap updates[0m
[move_group-1] [0m[INFO] [1789231733.379264698] [moveit.ros_planning_interface.moveit_cpp]: Loading planning pipeline 'chomp'[0m
[move_group-1] [0m[INFO] [1789231733.383258273] [moveit.ros_planning.planning_pipeline]: Using planning interface 'CHOMP'[0m
[move_group-1] [0m[INFO] [1789231733.385854458] [moveit_ros.add_time_optimal_parameterization]: Param 'chomp.path_tolerance' was not set. Using default value: 0.100000[0m
[move_group-1] [0m[INFO] [1789231733.386096409] [moveit_ros.add_time_optimal_parameterization]: Param 'chomp.resample_dt' was not set. Using default value: 0.100000[0m
[move_group-1] [0m[INFO] [1789231733.386101733] [moveit_ros.add_time_optimal_parameterization]: Param 'chomp.min_angle_change' was not set. Using default value: 0.001000[0m
[move_group-1] [0m[INFO] [1789231733.386116707] [moveit_ros.fix_workspace_bounds]: Param 'chomp.default_workspace_bounds' was not set. Using default value: 10.000000[0m
[move_group-1] [0m[INFO] [1789231733.386125778] [moveit_ros.fix_start_state_bounds]: Param 'chomp.start_state_max_bounds_error' was set to 0.100000[0m
[move_group-1] [0m[INFO] [1789231733.386128834] [moveit_ros.fix_start_state_bounds]: Param 'chomp.start_state_max_dt' was not set. Using default value: 0.500000[0m
[move_group-1] [0m[INFO] [1789231733.386135073] [moveit_ros.fix_start_state_collision]: Param 'chomp.start_state_max_dt' was not set. Using default value: 0.500000[0m
[move_group-1] [0m[INFO] [1789231733.386137612] [moveit_ros.fix_start_state_collision]: Param 'chomp.jiggle_fraction' was set to 0.050000[0m
[move_group-1] [0m[INFO] [1789231733.386140932] [moveit_ros.fix_start_state_collision]: Param 'chomp.max_sampling_attempts' was not set. Using default value: 100[0m
[move_group-1] [0m[INFO] [1789231733.386147083] [moveit.ros_planning.planning_pipeline]: Using planning request adapter 'Add Time Optimal Parameterization'[0m
[move_group-1] [0m[INFO] [1789231733.386149289] [moveit.ros_planning.planning_pipeline]: Using planning request adapter 'Resolve constraint frames to robot links'[0m
[move_group-1] [0m[INFO] [1789231733.386150740] [moveit.ros_planning.planning_pipeline]: Using planning request adapter 'Fix Workspace Bounds'[0m
[move_group-1] [0m[INFO] [1789231733.386152295] [moveit.ros_planning.planning_pipeline]: Using planning request adapter 'Fix Start State Bounds'[0m
[move_group-1] [0m[INFO] [1789231733.386153733] [moveit.ros_planning.planning_pipeline]: Using planning request adapter 'Fix Start State In Collision'[0m
[move_group-1] [0m[INFO] [1789231733.386155077] [moveit.ros_planning.planning_pipeline]: Using planning request adapter 'Fix Start State Path Constraints'[0m
[move_group-1] [0m[INFO] [1789231733.388097109] [moveit.ros_planning_interface.moveit_cpp]: Loading planning pipeline 'pilz_industrial_motion_planner'[0m
[move_group-1] [0m[INFO] [1789231733.390177561] [moveit.pilz_industrial_motion_planner.joint_limits_aggregator]: Reading limits from namespace robot_description_planning[0m
[move_group-1] [0m[INFO] [1789231733.393296487] [moveit.pilz_industrial_motion_planner]: Available plugins: pilz_industrial_motion_planner/PlanningContextLoaderCIRC pilz_industrial_motion_planner/PlanningContextLoaderLIN pilz_industrial_motion_planner/PlanningContextLoaderPTP [0m
[move_group-1] [0m[INFO] [1789231733.393312593] [moveit.pilz_industrial_motion_planner]: About to load: pilz_industrial_motion_planner/PlanningContextLoaderCIRC[0m
[move_group-1] [0m[INFO] [1789231733.394759384] [moveit.pilz_industrial_motion_planner]: Registered Algorithm [CIRC][0m
[move_group-1] [0m[INFO] [1789231733.394773026] [moveit.pilz_industrial_motion_planner]: About to load: pilz_industrial_motion_planner/PlanningContextLoaderLIN[0m
[move_group-1] [0m[INFO] [1789231733.395964675] [moveit.pilz_industrial_motion_planner]: Registered Algorithm [LIN][0m
[move_group-1] [0m[INFO] [1789231733.396264782] [moveit.pilz_industrial_motion_planner]: About to load: pilz_industrial_motion_planner/PlanningContextLoaderPTP[0m
[move_group-1] [0m[INFO] [1789231733.397062362] [moveit.pilz_industrial_motion_planner]: Registered Algorithm [PTP][0m
[move_group-1] [0m[INFO] [1789231733.397073690] [moveit.ros_planning.planning_pipeline]: Using planning interface 'Pilz Industrial Motion Planner'[0m
[move_group-1] [0m[INFO] [1789231733.398167367] [moveit.ros_planning_interface.moveit_cpp]: Loading planning pipeline 'ompl'[0m
[move_group-1] [0m[INFO] [1789231733.407515231] [moveit.ros_planning.planning_pipeline]: Using planning interface 'OMPL'[0m
[move_group-1] [0m[INFO] [1789231733.408017613] [moveit_ros.add_time_optimal_parameterization]: Param 'ompl.path_tolerance' was not set. Using default value: 0.100000[0m
[move_group-1] [0m[INFO] [1789231733.408024307] [moveit_ros.add_time_optimal_parameterization]: Param 'ompl.resample_dt' was not set. Using default value: 0.100000[0m
[move_group-1] [0m[INFO] [1789231733.408044393] [moveit_ros.add_time_optimal_parameterization]: Param 'ompl.min_angle_change' was not set. Using default value: 0.001000[0m
[move_group-1] [0m[INFO] [1789231733.408056915] [moveit_ros.fix_workspace_bounds]: Param 'ompl.default_workspace_bounds' was not set. Using default value: 10.000000[0m
[move_group-1] [0m[INFO] [1789231733.408065455] [moveit_ros.fix_start_state_bounds]: Param 'ompl.start_state_max_bounds_error' was set to 0.100000[0m
[move_group-1] [0m[INFO] [1789231733.408068337] [moveit_ros.fix_start_state_bounds]: Param 'ompl.start_state_max_dt' was not set. Using default value: 0.500000[0m
[move_group-1] [0m[INFO] [1789231733.408074753] [moveit_ros.fix_start_state_collision]: Param 'ompl.start_state_max_dt' was not set. Using default value: 0.500000[0m
[move_group-1] [0m[INFO] [1789231733.408077297] [moveit_ros.fix_start_state_collision]: Param 'ompl.jiggle_fraction' was set to 0.050000[0m
[move_group-1] [0m[INFO] [1789231733.408079610] [moveit_ros.fix_start_state_collision]: Param 'ompl.max_sampling_attempts' was not set. Using default value: 100[0m
[move_group-1] [0m[INFO] [1789231733.408085484] [moveit.ros_planning.planning_pipeline]: Using planning request adapter 'Add Time Optimal Parameterization'[0m
[move_group-1] [0m[INFO] [1789231733.408087260] [moveit.ros_planning.planning_pipeline]: Using planning request adapter 'Resolve constraint frames to robot links'[0m
[move_group-1] [0m[INFO] [1789231733.408088666] [moveit.ros_planning.planning_pipeline]: Using planning request adapter 'Fix Workspace Bounds'[0m
[move_group-1] [0m[INFO] [1789231733.408090198] [moveit.ros_planning.planning_pipeline]: Using planning request adapter 'Fix Start State Bounds'[0m
[move_group-1] [0m[INFO] [1789231733.408091572] [moveit.ros_planning.planning_pipeline]: Using planning request adapter 'Fix Start State In Collision'[0m
[move_group-1] [0m[INFO] [1789231733.408092903] [moveit.ros_planning.planning_pipeline]: Using planning request adapter 'Fix Start State Path Constraints'[0m
[move_group-1] [0m[INFO] [1789231733.443163347] [moveit.plugins.moveit_simple_controller_manager]: Added FollowJointTrajectory controller for arm_controller[0m
[move_group-1] [0m[INFO] [1789231733.447006565] [moveit.plugins.moveit_simple_controller_manager]: Added FollowJointTrajectory controller for gripper_controller[0m
[move_group-1] [0m[INFO] [1789231733.447147366] [moveit.plugins.moveit_simple_controller_manager]: Returned 2 controllers in list[0m
[move_group-1] [0m[INFO] [1789231733.447164449] [moveit.plugins.moveit_simple_controller_manager]: Returned 2 controllers in list[0m
[move_group-1] [0m[INFO] [1789231733.447464493] [moveit_ros.trajectory_execution_manager]: Trajectory execution is managing controllers[0m
[move_group-1] [0m[INFO] [1789231733.447476279] [move_group.move_group]: MoveGroup debug mode is ON[0m
[move_group-1] [0m[INFO] [1789231733.466862762] [move_group.move_group]: 
[move_group-1] 
[move_group-1] ********************************************************
[move_group-1] * MoveGroup using: 
[move_group-1] *     - ApplyPlanningSceneService
[move_group-1] *     - ClearOctomapService
[move_group-1] *     - CartesianPathService
[move_group-1] *     - ExecuteTrajectoryAction
[move_group-1] *     - GetPlanningSceneService
[move_group-1] *     - KinematicsService
[move_group-1] *     - MoveAction
[move_group-1] *     - MotionPlanService
[move_group-1] *     - QueryPlannersService
[move_group-1] *     - StateValidationService
[move_group-1] ********************************************************
[move_group-1] [0m
[move_group-1] [0m[INFO] [1789231733.466895714] [moveit_move_group_capabilities_base.move_group_context]: MoveGroup context using planning plugin ompl_interface/OMPLPlanner[0m
[move_group-1] [0m[INFO] [1789231733.466901078] [moveit_move_group_capabilities_base.move_group_context]: MoveGroup context initialization complete[0m
[move_group-1] [96mLoading 'move_group/ApplyPlanningSceneService'...
[move_group-1] [0m[96mLoading 'move_group/ClearOctomapService'...
[move_group-1] [0m[96mLoading 'move_group/MoveGroupCartesianPathService'...
[move_group-1] [0m[96mLoading 'move_group/MoveGroupExecuteTrajectoryAction'...
[move_group-1] [0m[96mLoading 'move_group/MoveGroupGetPlanningSceneService'...
[move_group-1] [0m[96mLoading 'move_group/MoveGroupKinematicsService'...
[move_group-1] [0m[96mLoading 'move_group/MoveGroupMoveAction'...
[move_group-1] [0m[96mLoading 'move_group/MoveGroupPlanService'...
[move_group-1] [0m[96mLoading 'move_group/MoveGroupQueryPlannersService'...
[move_group-1] [0m[96mLoading 'move_group/MoveGroupStateValidationService'...
[move_group-1] [0m[92m
[move_group-1] You can start planning now!
[move_group-1] 
[WARNING] [launch]: user interrupted with ctrl-c (SIGINT)
[INFO] [move_group-1]: sending signal 'SIGINT' to process[move_group-1]
[move_group-1] [0m[INFO] [1789233969.943658932] [rclcpp]: signal_handler(SIGINT/SIGTERM)[0m
[move_group-1] [0m[INFO] [1789233969.947036939] [rclcpp]: signal_handler(SIGINT/SIGTERM)[0m
[move_group-1] [0m[INFO] [1789233969.959814422] [moveit.ros_planning_interface.moveit_cpp]: Deleting MoveItCpp[0m
[move_group-1] [0m[INFO] [1789233969.960534971] [moveit_ros.planning_scene_monitor.planning_scene_monitor]: Stopped publishing maintained planning scene.[0m
[move_group-1] [0m[INFO] [1789233969.961278644] [moveit_ros.planning_scene_monitor.planning_scene_monitor]: Stopping world geometry monitor[0m
[move_group-1] [0m[INFO] [1789233969.961588087] [moveit_ros.planning_scene_monitor.planning_scene_monitor]: Stopping planning scene monitor[0m
[move_group-1] Warning: class_loader.ClassLoader: SEVERE WARNING!!! Attempting to unload library while objects created by this loader exist in the heap! You should delete your objects before attempting to unload the library or destroying the ClassLoader. The library will NOT be unloaded.
[move_group-1]          at line 127 in ./src/class_loader.cpp
[move_group-1] Stack trace (most recent call last):
[move_group-1] #16   Object "", at 0xffffffffffffffff, in 
[move_group-1] #15   Object "/opt/ros/humble/lib/moveit_ros_move_group/move_group", at 0x59f28892d724, in 
[move_group-1] #14   Source "../csu/libc-start.c", line 392, in __libc_start_main_impl [0x73a5e0c29e3f]
[move_group-1] #13   Source "../sysdeps/nptl/libc_start_call_main.h", line 58, in __libc_start_call_main [0x73a5e0c29d8f]
[move_group-1] #12   Object "/opt/ros/humble/lib/moveit_ros_move_group/move_group", at 0x59f28892c65b, in 
[move_group-1] #11   Object "/opt/ros/humble/lib/moveit_ros_move_group/move_group", at 0x59f28892e709, in 
[move_group-1] #10   Object "/opt/ros/humble/lib/libmoveit_cpp.so.2.5.9", at 0x73a5e1819876, in moveit_cpp::MoveItCpp::~MoveItCpp()
[move_group-1] #9    Object "/opt/ros/humble/lib/libmoveit_cpp.so.2.5.9", at 0x73a5e1817ba9, in 
[move_group-1] #8    Object "/opt/ros/humble/lib/libmoveit_trajectory_execution_manager.so.2.5.9", at 0x73a5e0ad13b5, in trajectory_execution_manager::TrajectoryExecutionManager::~TrajectoryExecutionManager()
[move_group-1] #7    Object "/opt/ros/humble/lib/libmoveit_trajectory_execution_manager.so.2.5.9", at 0x73a5e0ae42d9, in 
[move_group-1] #6    Object "/opt/ros/humble/lib/librclcpp.so", at 0x73a5e147ab8c, in rclcpp::Node::~Node()
[move_group-1] #5    Object "/opt/ros/humble/lib/librclcpp.so", at 0x73a5e147ab2e, in rclcpp::Node::~Node()
[move_group-1] #4    Object "/opt/ros/humble/lib/librclcpp.so", at 0x73a5e1455d39, in 
[move_group-1] #3    Object "/opt/ros/humble/lib/librclcpp.so", at 0x73a5e14840b9, in 
[move_group-1] #2    Object "/opt/ros/humble/lib/librclcpp.so", at 0x73a5e1484000, in rclcpp::node_interfaces::NodeBase::~NodeBase()
[move_group-1] #1    Object "/opt/ros/humble/lib/librclcpp.so", at 0x73a5e1455d39, in 
[move_group-1] #0    Object "/opt/ros/humble/lib/librclcpp.so", at 0x73a5e145ab31, in rclcpp::CallbackGroup::~CallbackGroup()
[move_group-1] Segmentation fault (Address not mapped to object [0x73a5d1a39798])
[ERROR] [move_group-1]: process has died [pid 76264, exit code -11, cmd '/opt/ros/humble/lib/moveit_ros_move_group/move_group --ros-args --params-file /home/ubuntu/ros2_ws/day7/runtime/tmp/launch_params_3v4flcwj --params-file /home/ubuntu/ros2_ws/day7/runtime/tmp/launch_params_h90f82ps'].
[move_group-1] [0m
